 stateflow4_sfun

 Timestamp is 5851d439 (Thu Dec 15 00:22:33 2016)

 Preferred load address is 0000000180000000

 Start         Length     Name                   Class
 0001:00000000 0000d184H .text                   CODE
 0001:0000d190 00000092H .text$x                 CODE
 0002:00000000 00000458H .idata$5                DATA
 0002:00000458 00000008H .CRT$XCA                DATA
 0002:00000460 00000008H .CRT$XCZ                DATA
 0002:00000468 00000008H .CRT$XIA                DATA
 0002:00000470 00000008H .CRT$XIAA               DATA
 0002:00000478 00000008H .CRT$XIZ                DATA
 0002:00000480 0000066cH .rdata                  DATA
 0002:00000af0 00000008H .rtc$IAA                DATA
 0002:00000af8 00000008H .rtc$IZZ                DATA
 0002:00000b00 00000008H .rtc$TAA                DATA
 0002:00000b08 00000008H .rtc$TZZ                DATA
 0002:00000b10 00000790H .xdata                  DATA
 0002:000012a0 00000078H .idata$2                DATA
 0002:00001318 00000014H .idata$3                DATA
 0002:00001330 00000458H .idata$4                DATA
 0002:00001788 00000c0eH .idata$6                DATA
 0002:000023a0 00000055H .edata                  DATA
 0003:00000000 00001f88H .data                   DATA
 0003:00001f90 000006a8H .bss                    DATA
 0004:00000000 0000093cH .pdata                  DATA

  Address         Publics by Value              Rva+Base               Lib:Object

 0000:00000000       ___safe_se_handler_count   0000000000000000     <absolute>
 0000:00000000       ___safe_se_handler_table   0000000000000000     <absolute>
 0000:00000000       __ImageBase                0000000180000000     <linker-defined>
 0001:00000000       stateflow4_initializer     0000000180001000 f   stateflow4_sfun.obj
 0001:00000010       stateflow4_terminator      0000000180001010 f   stateflow4_sfun.obj
 0001:00000020       sf_stateflow4_method_dispatcher 0000000180001020 f   stateflow4_sfun.obj
 0001:00000070       sf_stateflow4_uses_exported_functions 0000000180001070 f   stateflow4_sfun.obj
 0001:000000b0       sf_stateflow4_process_testpoint_info_call 00000001800010b0 f   stateflow4_sfun.obj
 0001:00000230       sf_stateflow4_process_check_sum_call 0000000180001230 f   stateflow4_sfun.obj
 0001:000005c0       sf_stateflow4_autoinheritance_info 00000001800015c0 f   stateflow4_sfun.obj
 0001:00000730       sf_stateflow4_get_eml_resolved_functions_info 0000000180001730 f   stateflow4_sfun.obj
 0001:00000860       sf_stateflow4_third_party_uses_info 0000000180001860 f   stateflow4_sfun.obj
 0001:000009b0       sf_stateflow4_jit_fallback_info 00000001800019b0 f   stateflow4_sfun.obj
 0001:00000b00       sf_stateflow4_updateBuildInfo_args_info 0000000180001b00 f   stateflow4_sfun.obj
 0001:00000c50       sf_stateflow4_get_post_codegen_info 0000000180001c50 f   stateflow4_sfun.obj
 0001:00000d20       stateflow4_debug_initialize 0000000180001d20 f   stateflow4_sfun.obj
 0001:00000da0       stateflow4_register_exported_symbols 0000000180001da0 f   stateflow4_sfun.obj
 0001:00000db0       load_stateflow4_optimization_info 0000000180001db0 f   stateflow4_sfun.obj
 0001:00000e00       unload_stateflow4_optimization_info 0000000180001e00 f   stateflow4_sfun.obj
 0001:00000e30       sf_c3_stateflow4_get_eml_resolved_functions_info 0000000180001e30 f   c3_stateflow4.obj
 0001:00000eb0       sf_c3_stateflow4_get_check_sum 0000000180001eb0 f   c3_stateflow4.obj
 0001:00000f30       sf_c3_stateflow4_get_autoinheritance_info 0000000180001f30 f   c3_stateflow4.obj
 0001:000016e0       sf_c3_stateflow4_third_party_uses_info 00000001800026e0 f   c3_stateflow4.obj
 0001:00001710       sf_c3_stateflow4_jit_fallback_info 0000000180002710 f   c3_stateflow4.obj
 0001:00001850       sf_c3_stateflow4_updateBuildInfo_args_info 0000000180002850 f   c3_stateflow4.obj
 0001:00001880       sf_c3_stateflow4_get_post_codegen_info 0000000180002880 f   c3_stateflow4.obj
 0001:000019a0       sf_c3_stateflow4_get_testpoint_info 00000001800029a0 f   c3_stateflow4.obj
 0001:000019e0       c3_stateflow4_method_dispatcher 00000001800029e0 f   c3_stateflow4.obj
 0001:00004f60       sf_process_check_sum_call  0000000180005f60 f   stateflow4_sfun_registry.obj
 0001:00004fb0       sf_process_machine_uses_exported_functions_call 0000000180005fb0 f   stateflow4_sfun_registry.obj
 0001:00005100       sf_process_testpoint_info_call 0000000180006100 f   stateflow4_sfun_registry.obj
 0001:00005150       sf_process_autoinheritance_call 0000000180006150 f   stateflow4_sfun_registry.obj
 0001:000052f0       sf_process_get_third_party_uses_info_call 00000001800062f0 f   stateflow4_sfun_registry.obj
 0001:00005490       sf_process_get_jit_fallback_info_call 0000000180006490 f   stateflow4_sfun_registry.obj
 0001:00005630       sf_process_get_updateBuildInfo_args_info_call 0000000180006630 f   stateflow4_sfun_registry.obj
 0001:000057d0       sf_process_get_eml_resolved_functions_info_call 00000001800067d0 f   stateflow4_sfun_registry.obj
 0001:00005950       sf_process_get_post_codegen_info 0000000180006950 f   stateflow4_sfun_registry.obj
 0001:00005aa0       sf_mex_unlock_call         0000000180006aa0 f   stateflow4_sfun_registry.obj
 0001:00005b50       sf_machine_global_initializer_called 0000000180006b50 f   stateflow4_sfun_registry.obj
 0001:00005b80       sf_machine_global_method_dispatcher 0000000180006b80 f   stateflow4_sfun_registry.obj
 0001:00005be0       sf_machine_global_terminator 0000000180006be0 f   stateflow4_sfun_registry.obj
 0001:00005c30       sf_register_machine_exported_symbols 0000000180006c30 f   stateflow4_sfun_registry.obj
 0001:00005c50       callCustomFcn              0000000180006c50 f   stateflow4_sfun_registry.obj
 0001:00005c60       sf_machine_global_initializer 0000000180006c60 f   stateflow4_sfun_registry.obj
 0001:00005ce0       mdlGetSimState             0000000180006ce0 f   stateflow4_sfun_registry.obj
 0001:00005d60       mdlSetSimState             0000000180006d60 f   stateflow4_sfun_registry.obj
 0001:00005da0       _ssSetStateAbsTol          0000000180006da0 f   stateflow4_sfun_registry.obj
 0001:00005e80       _ssGetAbsTol               0000000180006e80 f   stateflow4_sfun_registry.obj
 0001:00005ef0       _ssSetInputPortMatrixDimensions 0000000180006ef0 f   stateflow4_sfun_registry.obj
 0001:00006000       _ssSetOutputPortMatrixDimensions 0000000180007000 f   stateflow4_sfun_registry.obj
 0001:00006110       _ssSetInputPortVectorDimension 0000000180007110 f   stateflow4_sfun_registry.obj
 0001:000061e0       _ssSetOutputPortVectorDimension 00000001800071e0 f   stateflow4_sfun_registry.obj
 0001:000062b0       _ssSetSymbolicDimsSupport  00000001800072b0 f   stateflow4_sfun_registry.obj
 0001:00006320       _ssRegisterSymbolicDimsExpr 0000000180007320 f   stateflow4_sfun_registry.obj
 0001:000063a0       _ssRegisterSymbolicDims    00000001800073a0 f   stateflow4_sfun_registry.obj
 0001:00006440       _ssRegisterSymbolicDimsString 0000000180007440 f   stateflow4_sfun_registry.obj
 0001:000064c0       _ssRegisterSymbolicDimsIntValue 00000001800074c0 f   stateflow4_sfun_registry.obj
 0001:00006530       _ssRegisterSymbolicDimsPlus 0000000180007530 f   stateflow4_sfun_registry.obj
 0001:000065b0       _ssRegisterSymbolicDimsMinus 00000001800075b0 f   stateflow4_sfun_registry.obj
 0001:00006630       _ssRegisterSymbolicDimsMultiply 0000000180007630 f   stateflow4_sfun_registry.obj
 0001:000066b0       _ssRegisterSymbolicDimsDivide 00000001800076b0 f   stateflow4_sfun_registry.obj
 0001:00006730       _ssGetNumSymbolicDims      0000000180007730 f   stateflow4_sfun_registry.obj
 0001:000067a0       _ssGetSymbolicDim          00000001800077a0 f   stateflow4_sfun_registry.obj
 0001:00006820       _ssSetInputPortSymbolicDimsId 0000000180007820 f   stateflow4_sfun_registry.obj
 0001:00006890       _ssGetCompInputPortSymbolicDimsId 0000000180007890 f   stateflow4_sfun_registry.obj
 0001:00006900       _ssSetCompInputPortSymbolicDimsId 0000000180007900 f   stateflow4_sfun_registry.obj
 0001:00006970       _ssSetOutputPortSymbolicDimsId 0000000180007970 f   stateflow4_sfun_registry.obj
 0001:000069e0       _ssGetCompOutputPortSymbolicDimsId 00000001800079e0 f   stateflow4_sfun_registry.obj
 0001:00006a50       _ssSetCompOutputPortSymbolicDimsId 0000000180007a50 f   stateflow4_sfun_registry.obj
 0001:00006ac0       _ssSetCompDWorkSymbolicDimsId 0000000180007ac0 f   stateflow4_sfun_registry.obj
 0001:00006b30       ssIsRunTimeParamTunable    0000000180007b30 f   stateflow4_sfun_registry.obj
 0001:00006ba0       ssGetSFuncBlockHandle      0000000180007ba0 f   stateflow4_sfun_registry.obj
 0001:00006c10       _ssGetCurrentInputPortWidth 0000000180007c10 f   stateflow4_sfun_registry.obj
 0001:00006d30       _ssGetCurrentOutputPortWidth 0000000180007d30 f   stateflow4_sfun_registry.obj
 0001:00006e50       _ssGetCallSystemNumFcnCallDestinations 0000000180007e50 f   stateflow4_sfun_registry.obj
 0001:00006ec0       ssWarning                  0000000180007ec0 f   stateflow4_sfun_registry.obj
 0001:00006fd0       ssGetIsZeroCrossControlDisabled 0000000180007fd0 f   stateflow4_sfun_registry.obj
 0001:00007040       ssSetIsInputPortUsedForContZcSignal 0000000180008040 f   stateflow4_sfun_registry.obj
 0001:000070b0       ssSetZcSignalIsZcElementDisc 00000001800080b0 f   stateflow4_sfun_registry.obj
 0001:00007160       ssSetZcSignalName          0000000180008160 f   stateflow4_sfun_registry.obj
 0001:000071d0       ssSetZcSignalWidth         00000001800081d0 f   stateflow4_sfun_registry.obj
 0001:00007240       ssSetZcSignalZcEventType   0000000180008240 f   stateflow4_sfun_registry.obj
 0001:000072b0       ssSetZcSignalType          00000001800082b0 f   stateflow4_sfun_registry.obj
 0001:00007320       ssSetZcSignalZcTol         0000000180008320 f   stateflow4_sfun_registry.obj
 0001:00007390       ssSetZcSignalNeedsEventNotification 0000000180008390 f   stateflow4_sfun_registry.obj
 0001:00007400       ssCreateAndAddZcSignalInfo 0000000180008400 f   stateflow4_sfun_registry.obj
 0001:00007470       ssCloneAndAddZcSignalInfo  0000000180008470 f   stateflow4_sfun_registry.obj
 0001:000074e0       ssGetNumZcSignals          00000001800084e0 f   stateflow4_sfun_registry.obj
 0001:00007550       ssGetZcSignalVector        0000000180008550 f   stateflow4_sfun_registry.obj
 0001:000075c0       ssGetZcSignalZcEvents      00000001800085c0 f   stateflow4_sfun_registry.obj
 0001:00007630       ssGetZcSignalName          0000000180008630 f   stateflow4_sfun_registry.obj
 0001:000076a0       ssGetZcSignalWidth         00000001800086a0 f   stateflow4_sfun_registry.obj
 0001:00007710       ssGetZcSignalZcEventType   0000000180008710 f   stateflow4_sfun_registry.obj
 0001:00007780       ssGetZcSignalType          0000000180008780 f   stateflow4_sfun_registry.obj
 0001:000077f0       ssGetZcSignalZcTol         00000001800087f0 f   stateflow4_sfun_registry.obj
 0001:00007870       ssGetZcSignalNeedsEventNotification 0000000180008870 f   stateflow4_sfun_registry.obj
 0001:000078e0       ssGetZcSignalIsZcElementDisc 00000001800088e0 f   stateflow4_sfun_registry.obj
 0001:00007980       ssGetIsInputPortElementContinuous 0000000180008980 f   stateflow4_sfun_registry.obj
 0001:00007a20       _ssGetInputPortSignalPtrsFcn 0000000180008a20 f   stateflow4_sfun_registry.obj
 0001:00007ce0       _ssGetInputPortSignalFcn   0000000180008ce0 f   stateflow4_sfun_registry.obj
 0001:00007f00       _ssSetInputPortDirectFeedThroughFcn 0000000180008f00 f   stateflow4_sfun_registry.obj
 0001:00008060       _ssSetInputPortReusableFcn 0000000180009060 f   stateflow4_sfun_registry.obj
 0001:00008150       _ssSetOutputPortReusableFcn 0000000180009150 f   stateflow4_sfun_registry.obj
 0001:00008230       ssGetDTypeIdFromMxArray    0000000180009230 f   stateflow4_sfun_registry.obj
 0001:00008350       ssWriteRTWStr              0000000180009350 f   stateflow4_sfun_registry.obj
 0001:000083b0       ssWriteRTWMxVectParam      00000001800093b0 f   stateflow4_sfun_registry.obj
 0001:00008410       ssWriteRTWMx2dMatParam     0000000180009410 f   stateflow4_sfun_registry.obj
 0001:00008490       ssWriteRTWNameValuePair    0000000180009490 f   stateflow4_sfun_registry.obj
 0001:00008980       ssWriteRTWParameters       0000000180009980 f   stateflow4_sfun_registry.obj
 0001:00008f80       ssWriteRTWParamSettings    0000000180009f80 f   stateflow4_sfun_registry.obj
 0001:00009650       ssWriteRTWWorkVect         000000018000a650 f   stateflow4_sfun_registry.obj
 0001:00009b50       mexFunction                000000018000ab50 f   stateflow4_sfun_registry.obj
 0001:0000c3a0       ProcessMexSfunctionEveryCall 000000018000d3a0 f   stateflow4_sfun_registry.obj
 0001:0000c536       sf_debug_set_machine_data_thresholds 000000018000d536 f   sf_runtime:sf_runtime.dll
 0001:0000c53c       sf_debug_set_machine_event_thresholds 000000018000d53c f   sf_runtime:sf_runtime.dll
 0001:0000c542       sf_debug_initialize_machine 000000018000d542 f   sf_runtime:sf_runtime.dll
 0001:0000c548       sf_load_rtw_optimization_info 000000018000d548 f   sf_runtime:sf_runtime.dll
 0001:0000c54e       sf_mex_assign              000000018000d54e f   sf_runtime:sf_runtime.dll
 0001:0000c554       sf_mex_create              000000018000d554 f   sf_runtime:sf_runtime.dll
 0001:0000c55a       sf_mex_decode_encoded_mx_struct_array 000000018000d55a f   sf_runtime:sf_runtime.dll
 0001:0000c560       sf_mex_error_message       000000018000d560 f   sf_runtime:sf_runtime.dll
 0001:0000c566       sf_set_rtw_dwork_info      000000018000d566 f   sf_runtime:sf_runtime.dll
 0001:0000c56c       sf_mark_chart_reusable_outputs 000000018000d56c f   sf_runtime:sf_runtime.dll
 0001:0000c572       sf_mark_chart_expressionable_inputs 000000018000d572 f   sf_runtime:sf_runtime.dll
 0001:0000c578       sf_update_buildInfo        000000018000d578 f   sf_runtime:sf_runtime.dll
 0001:0000c57e       sf_rtw_info_uint_prop      000000018000d57e f   sf_runtime:sf_runtime.dll
 0001:0000c584       sf_is_chart_inlinable      000000018000d584 f   sf_runtime:sf_runtime.dll
 0001:0000c58a       sim_mode_is_external       000000018000d58a f   sf_runtime:sf_runtime.dll
 0001:0000c590       sim_mode_is_rtw_gen        000000018000d590 f   sf_runtime:sf_runtime.dll
 0001:0000c596       sf_set_encoded_dwork_info  000000018000d596 f   sf_runtime:sf_runtime.dll
 0001:0000c59c       sf_runtime_overflow_check_is_on 000000018000d59c f   sf_runtime:sf_runtime.dll
 0001:0000c5a2       ssGetOutputPortSignal_wrapper 000000018000d5a2 f   sf_runtime:sf_runtime.dll
 0001:0000c5a8       ssGetInputPortSignal_wrapper 000000018000d5a8 f   sf_runtime:sf_runtime.dll
 0001:0000c5ae       ssGetDWork_wrapper         000000018000d5ae f   sf_runtime:sf_runtime.dll
 0001:0000c5b4       sf_debug_reset_current_state_configuration 000000018000d5b4 f   sf_runtime:sf_runtime.dll
 0001:0000c5ba       sf_debug_set_chart_data_compiled_props 000000018000d5ba f   sf_runtime:sf_runtime.dll
 0001:0000c5c0       cv_eml_init_if             000000018000d5c0 f   sf_runtime:sf_runtime.dll
 0001:0000c5c6       cv_eml_init_script         000000018000d5c6 f   sf_runtime:sf_runtime.dll
 0001:0000c5cc       sf_debug_cv_init_trans     000000018000d5cc f   sf_runtime:sf_runtime.dll
 0001:0000c5d2       sf_debug_cv_init_chart     000000018000d5d2 f   sf_runtime:sf_runtime.dll
 0001:0000c5d8       sf_debug_set_chart_decomposition 000000018000d5d8 f   sf_runtime:sf_runtime.dll
 0001:0000c5de       sf_debug_set_chart_substate_count 000000018000d5de f   sf_runtime:sf_runtime.dll
 0001:0000c5e4       sf_debug_set_chart_data_props 000000018000d5e4 f   sf_runtime:sf_runtime.dll
 0001:0000c5ea       sf_debug_set_chart_event_thresholds 000000018000d5ea f   sf_runtime:sf_runtime.dll
 0001:0000c5f0       sf_debug_set_chart_disable_implicit_casting 000000018000d5f0 f   sf_runtime:sf_runtime.dll
 0001:0000c5f6       sf_debug_initialize_chart  000000018000d5f6 f   sf_runtime:sf_runtime.dll
 0001:0000c5fc       sf_mex_destroy             000000018000d5fc f   sf_runtime:sf_runtime.dll
 0001:0000c602       sf_mex_dup                 000000018000d602 f   sf_runtime:sf_runtime.dll
 0001:0000c608       sf_mex_import              000000018000d608 f   sf_runtime:sf_runtime.dll
 0001:0000c60e       sf_get_time                000000018000d60e f   sf_runtime:sf_runtime.dll
 0001:0000c614       sf_is_first_init_cond      000000018000d614 f   sf_runtime:sf_runtime.dll
 0001:0000c61a       sf_debug_set_instance_data_value_ptr 000000018000d61a f   sf_runtime:sf_runtime.dll
 0001:0000c620       sf_get_dwork_info_from_mat_file 000000018000d620 f   sf_runtime:sf_runtime.dll
 0001:0000c626       sf_debug_check_for_state_inconsistency 000000018000d626 f   sf_runtime:sf_runtime.dll
 0001:0000c62c       cv_eml_eval                000000018000d62c f   sf_runtime:sf_runtime.dll
 0001:0000c632       sf_debug_symbol_scope_pop  000000018000d632 f   sf_runtime:sf_runtime.dll
 0001:0000c638       sf_mex_call_debug          000000018000d638 f   sf_runtime:sf_runtime.dll
 0001:0000c63e       sf_mex_printf              000000018000d63e f   sf_runtime:sf_runtime.dll
 0001:0000c644       sf_debug_read_before_write_error 000000018000d644 f   sf_runtime:sf_runtime.dll
 0001:0000c64a       sfcs_request_service       000000018000d64a f   sf_runtime:sf_runtime.dll
 0001:0000c650       sf_debug_symbol_scope_add_eml_importable 000000018000d650 f   sf_runtime:sf_runtime.dll
 0001:0000c656       sf_debug_symbol_scope_push_eml 000000018000d656 f   sf_runtime:sf_runtime.dll
 0001:0000c65c       sf_debug_data_range_wrapper 000000018000d65c f   sf_runtime:sf_runtime.dll
 0001:0000c662       sf_debug_call              000000018000d662 f   sf_runtime:sf_runtime.dll
 0001:0000c668       sf_debug_symbol_scope_push 000000018000d668 f   sf_runtime:sf_runtime.dll
 0001:0000c66e       sf_mex_setcell             000000018000d66e f   sf_runtime:sf_runtime.dll
 0001:0000c674       sf_mex_createcellmatrix    000000018000d674 f   sf_runtime:sf_runtime.dll
 0001:0000c67a       sf_mex_getcell             000000018000d67a f   sf_runtime:sf_runtime.dll
 0001:0000c680       sf_mex_duplicatearraysafe  000000018000d680 f   sf_runtime:sf_runtime.dll
 0001:0000c686       sf_clear_rtw_identifier    000000018000d686 f   sf_runtime:sf_runtime.dll
 0001:0000c68c       sf_debug_terminate         000000018000d68c f   sf_runtime:sf_runtime.dll
 0001:0000c692       sf_debug_create_debug_instance_struct 000000018000d692 f   sf_runtime:sf_runtime.dll
 0001:0000c698       sf_debug_api               000000018000d698 f   sf_runtime:sf_runtime.dll
 0001:0000c69e       callMdlMethodAndReportError 000000018000d69e f   sf_runtime:sf_runtime.dll
 0001:0000c6a4       call_sf_machine_global_method_dispatcher 000000018000d6a4 f   sf_runtime:sf_runtime.dll
 0001:0000c6aa       sf_clear_error_manager_info 000000018000d6aa f   sf_runtime:sf_runtime.dll
 0001:0000c6b0       sf_mex_error_direct_call   000000018000d6b0 f   sf_runtime:sf_runtime.dll
 0001:0000c6b6       mxCreateLogicalScalar      000000018000d6b6 f   libmx:libmx.dll
 0001:0000c6bc       mxCreateDoubleMatrix_730   000000018000d6bc f   libmx:libmx.dll
 0001:0000c6c2       mxGetScalar                000000018000d6c2 f   libmx:libmx.dll
 0001:0000c6c8       mxGetString_730            000000018000d6c8 f   libmx:libmx.dll
 0001:0000c6ce       mxIsChar                   000000018000d6ce f   libmx:libmx.dll
 0001:0000c6d4       mxGetPr                    000000018000d6d4 f   libmx:libmx.dll
 0001:0000c6da       mxDestroyArray             000000018000d6da f   libmx:libmx.dll
 0001:0000c6e0       mxDuplicateArray           000000018000d6e0 f   libmx:libmx.dll
 0001:0000c6e6       mxCreateDoubleScalar       000000018000d6e6 f   libmx:libmx.dll
 0001:0000c6ec       mxSetField_730             000000018000d6ec f   libmx:libmx.dll
 0001:0000c6f2       mxCreateString             000000018000d6f2 f   libmx:libmx.dll
 0001:0000c6f8       mxCreateStructMatrix_730   000000018000d6f8 f   libmx:libmx.dll
 0001:0000c6fe       mxCreateCellMatrix_730     000000018000d6fe f   libmx:libmx.dll
 0001:0000c704       mxSetCell_730              000000018000d704 f   libmx:libmx.dll
 0001:0000c70a       mxCreateCellArray_730      000000018000d70a f   libmx:libmx.dll
 0001:0000c710       mxCreateStructArray_730    000000018000d710 f   libmx:libmx.dll
 0001:0000c716       mxGetClassID               000000018000d716 f   libmx:libmx.dll
 0001:0000c71c       mxIsNumeric                000000018000d71c f   libmx:libmx.dll
 0001:0000c722       mxIsComplex                000000018000d722 f   libmx:libmx.dll
 0001:0000c728       mxGetN                     000000018000d728 f   libmx:libmx.dll
 0001:0000c72e       mxGetM                     000000018000d72e f   libmx:libmx.dll
 0001:0000c734       mxCalloc                   000000018000d734 f   libmx:libmx.dll
 0001:0000c73a       mexMakeArrayPersistent     000000018000d73a f   libmex:libmex.dll
 0001:0000c740       mexUnlock                  000000018000d740 f   libmex:libmex.dll
 0001:0000c746       mexIsLocked                000000018000d746 f   libmex:libmex.dll
 0001:0000c74c       mexWarnMsgTxt              000000018000d74c f   libmex:libmex.dll
 0001:0000c752       mexCallMATLABWithObject    000000018000d752 f   libmex:libmex.dll
 0001:0000c758       mexErrMsgTxt               000000018000d758 f   libmex:libmex.dll
 0001:0000c75e       mexLock                    000000018000d75e f   libmex:libmex.dll
 0001:0000c764       utMalloc                   000000018000d764 f   libut:libut.dll
 0001:0000c76a       utFree                     000000018000d76a f   libut:libut.dll
 0001:0000c770       __GSHandlerCheckCommon     000000018000d770 f   MSVCRT:gshandler.obj
 0001:0000c7d4       __GSHandlerCheck           000000018000d7d4 f   MSVCRT:gshandler.obj
 0001:0000c7f2       strcmp                     000000018000d7f2 f   MSVCRT:MSVCR100.dll
 0001:0000c810       __security_check_cookie    000000018000d810 f   MSVCRT:amdsecgs.obj
 0001:0000c830       memset                     000000018000d830 f   MSVCRT:MSVCR100.dll
 0001:0000c836       free                       000000018000d836 f   MSVCRT:MSVCR100.dll
 0001:0000c83c       sprintf                    000000018000d83c f   MSVCRT:MSVCR100.dll
 0001:0000c842       malloc                     000000018000d842 f   MSVCRT:MSVCR100.dll
 0001:0000c848       strlen                     000000018000d848 f   MSVCRT:MSVCR100.dll
 0001:0000c84e       strcat                     000000018000d84e f   MSVCRT:MSVCR100.dll
 0001:0000c854       memcpy                     000000018000d854 f   MSVCRT:MSVCR100.dll
 0001:0000c85c       NtCurrentTeb               000000018000d85c f i MSVCRT:crtdll.obj
 0001:0000c8c8       _CRT_INIT                  000000018000d8c8 f   MSVCRT:crtdll.obj
 0001:0000cc60       _DllMainCRTStartup         000000018000dc60 f   MSVCRT:crtdll.obj
 0001:0000cca0       __report_gsfailure         000000018000dca0 f   MSVCRT:gs_report.obj
 0001:0000cdec       __clean_type_info_names    000000018000ddec f   MSVCRT:tncleanup.obj
 0001:0000cdf8       _onexit                    000000018000ddf8 f   MSVCRT:atonexit.obj
 0001:0000cea8       atexit                     000000018000dea8 f   MSVCRT:atonexit.obj
 0001:0000cec0       _RTC_Initialize            000000018000dec0 f   MSVCRT:_initsect_.obj
 0001:0000cef8       _RTC_Terminate             000000018000def8 f   MSVCRT:_initsect_.obj
 0001:0000cf30       _malloc_crt                000000018000df30 f   MSVCRT:MSVCR100.dll
 0001:0000cf40       _ValidateImageBase         000000018000df40 f   MSVCRT:pesect.obj
 0001:0000cf70       _FindPESection             000000018000df70 f   MSVCRT:pesect.obj
 0001:0000cfc0       _IsNonwritableInCurrentImage 000000018000dfc0 f   MSVCRT:pesect.obj
 0001:0000d002       _initterm                  000000018000e002 f   MSVCRT:MSVCR100.dll
 0001:0000d008       _initterm_e                000000018000e008 f   MSVCRT:MSVCR100.dll
 0001:0000d00e       _encoded_null              000000018000e00e f   MSVCRT:MSVCR100.dll
 0001:0000d014       _amsg_exit                 000000018000e014 f   MSVCRT:MSVCR100.dll
 0001:0000d01a       __C_specific_handler       000000018000e01a f   MSVCRT:MSVCR100.dll
 0001:0000d020       __CppXcptFilter            000000018000e020 f   MSVCRT:MSVCR100.dll
 0001:0000d028       DllMain                    000000018000e028 f   MSVCRT:dllmain.obj
 0001:0000d04c       __security_init_cookie     000000018000e04c f   MSVCRT:gs_support.obj
 0001:0000d100       __crt_debugger_hook        000000018000e100 f   MSVCRT:MSVCR100.dll
 0001:0000d106       __clean_type_info_names_internal 000000018000e106 f   MSVCRT:MSVCR100.dll
 0001:0000d10c       _unlock                    000000018000e10c f   MSVCRT:MSVCR100.dll
 0001:0000d112       __dllonexit                000000018000e112 f   MSVCRT:MSVCR100.dll
 0001:0000d118       _lock                      000000018000e118 f   MSVCRT:MSVCR100.dll
 0001:0000d11e       EncodePointer              000000018000e11e f   kernel32:KERNEL32.dll
 0001:0000d124       DecodePointer              000000018000e124 f   kernel32:KERNEL32.dll
 0001:0000d12a       Sleep                      000000018000e12a f   kernel32:KERNEL32.dll
 0001:0000d130       TerminateProcess           000000018000e130 f   kernel32:KERNEL32.dll
 0001:0000d136       GetCurrentProcess          000000018000e136 f   kernel32:KERNEL32.dll
 0001:0000d13c       UnhandledExceptionFilter   000000018000e13c f   kernel32:KERNEL32.dll
 0001:0000d142       SetUnhandledExceptionFilter 000000018000e142 f   kernel32:KERNEL32.dll
 0001:0000d148       IsDebuggerPresent          000000018000e148 f   kernel32:KERNEL32.dll
 0001:0000d14e       RtlVirtualUnwind           000000018000e14e f   kernel32:KERNEL32.dll
 0001:0000d154       RtlLookupFunctionEntry     000000018000e154 f   kernel32:KERNEL32.dll
 0001:0000d15a       RtlCaptureContext          000000018000e15a f   kernel32:KERNEL32.dll
 0001:0000d160       DisableThreadLibraryCalls  000000018000e160 f   kernel32:KERNEL32.dll
 0001:0000d166       QueryPerformanceCounter    000000018000e166 f   kernel32:KERNEL32.dll
 0001:0000d16c       GetTickCount               000000018000e16c f   kernel32:KERNEL32.dll
 0001:0000d172       GetCurrentThreadId         000000018000e172 f   kernel32:KERNEL32.dll
 0001:0000d178       GetCurrentProcessId        000000018000e178 f   kernel32:KERNEL32.dll
 0001:0000d17e       GetSystemTimeAsFileTime    000000018000e17e f   kernel32:KERNEL32.dll
 0002:00000000       __imp_GetSystemTimeAsFileTime 000000018000f000     kernel32:KERNEL32.dll
 0002:00000008       __imp_GetCurrentProcessId  000000018000f008     kernel32:KERNEL32.dll
 0002:00000010       __imp_GetCurrentThreadId   000000018000f010     kernel32:KERNEL32.dll
 0002:00000018       __imp_GetTickCount         000000018000f018     kernel32:KERNEL32.dll
 0002:00000020       __imp_QueryPerformanceCounter 000000018000f020     kernel32:KERNEL32.dll
 0002:00000028       __imp_DisableThreadLibraryCalls 000000018000f028     kernel32:KERNEL32.dll
 0002:00000030       __imp_RtlCaptureContext    000000018000f030     kernel32:KERNEL32.dll
 0002:00000038       __imp_RtlLookupFunctionEntry 000000018000f038     kernel32:KERNEL32.dll
 0002:00000040       __imp_RtlVirtualUnwind     000000018000f040     kernel32:KERNEL32.dll
 0002:00000048       __imp_IsDebuggerPresent    000000018000f048     kernel32:KERNEL32.dll
 0002:00000050       __imp_SetUnhandledExceptionFilter 000000018000f050     kernel32:KERNEL32.dll
 0002:00000058       __imp_UnhandledExceptionFilter 000000018000f058     kernel32:KERNEL32.dll
 0002:00000060       __imp_GetCurrentProcess    000000018000f060     kernel32:KERNEL32.dll
 0002:00000068       __imp_TerminateProcess     000000018000f068     kernel32:KERNEL32.dll
 0002:00000070       __imp_Sleep                000000018000f070     kernel32:KERNEL32.dll
 0002:00000078       __imp_DecodePointer        000000018000f078     kernel32:KERNEL32.dll
 0002:00000080       __imp_EncodePointer        000000018000f080     kernel32:KERNEL32.dll
 0002:00000088       \177KERNEL32_NULL_THUNK_DATA 000000018000f088     kernel32:KERNEL32.dll
 0002:00000090       __imp__onexit              000000018000f090     MSVCRT:MSVCR100.dll
 0002:00000098       __imp__lock                000000018000f098     MSVCRT:MSVCR100.dll
 0002:000000a0       __imp___dllonexit          000000018000f0a0     MSVCRT:MSVCR100.dll
 0002:000000a8       __imp__unlock              000000018000f0a8     MSVCRT:MSVCR100.dll
 0002:000000b0       __imp___clean_type_info_names_internal 000000018000f0b0     MSVCRT:MSVCR100.dll
 0002:000000b8       __imp___crt_debugger_hook  000000018000f0b8     MSVCRT:MSVCR100.dll
 0002:000000c0       __imp___CppXcptFilter      000000018000f0c0     MSVCRT:MSVCR100.dll
 0002:000000c8       __imp___C_specific_handler 000000018000f0c8     MSVCRT:MSVCR100.dll
 0002:000000d0       __imp__amsg_exit           000000018000f0d0     MSVCRT:MSVCR100.dll
 0002:000000d8       __imp__encoded_null        000000018000f0d8     MSVCRT:MSVCR100.dll
 0002:000000e0       __imp__initterm_e          000000018000f0e0     MSVCRT:MSVCR100.dll
 0002:000000e8       __imp__initterm            000000018000f0e8     MSVCRT:MSVCR100.dll
 0002:000000f0       __imp__malloc_crt          000000018000f0f0     MSVCRT:MSVCR100.dll
 0002:000000f8       __imp_memcpy               000000018000f0f8     MSVCRT:MSVCR100.dll
 0002:00000100       __imp_strcat               000000018000f100     MSVCRT:MSVCR100.dll
 0002:00000108       __imp_strlen               000000018000f108     MSVCRT:MSVCR100.dll
 0002:00000110       __imp_malloc               000000018000f110     MSVCRT:MSVCR100.dll
 0002:00000118       __imp_sprintf              000000018000f118     MSVCRT:MSVCR100.dll
 0002:00000120       __imp_free                 000000018000f120     MSVCRT:MSVCR100.dll
 0002:00000128       __imp_memset               000000018000f128     MSVCRT:MSVCR100.dll
 0002:00000130       __imp_strcmp               000000018000f130     MSVCRT:MSVCR100.dll
 0002:00000138       \177MSVCR100_NULL_THUNK_DATA 000000018000f138     MSVCRT:MSVCR100.dll
 0002:00000140       __imp_mexLock              000000018000f140     libmex:libmex.dll
 0002:00000148       __imp_mexErrMsgTxt         000000018000f148     libmex:libmex.dll
 0002:00000150       __imp_mexCallMATLABWithObject 000000018000f150     libmex:libmex.dll
 0002:00000158       __imp_mexWarnMsgTxt        000000018000f158     libmex:libmex.dll
 0002:00000160       __imp_mexIsLocked          000000018000f160     libmex:libmex.dll
 0002:00000168       __imp_mexUnlock            000000018000f168     libmex:libmex.dll
 0002:00000170       __imp_mexMakeArrayPersistent 000000018000f170     libmex:libmex.dll
 0002:00000178       \177libmex_NULL_THUNK_DATA 000000018000f178     libmex:libmex.dll
 0002:00000180       __imp_mxCalloc             000000018000f180     libmx:libmx.dll
 0002:00000188       __imp_mxGetM               000000018000f188     libmx:libmx.dll
 0002:00000190       __imp_mxGetN               000000018000f190     libmx:libmx.dll
 0002:00000198       __imp_mxIsComplex          000000018000f198     libmx:libmx.dll
 0002:000001a0       __imp_mxIsNumeric          000000018000f1a0     libmx:libmx.dll
 0002:000001a8       __imp_mxGetClassID         000000018000f1a8     libmx:libmx.dll
 0002:000001b0       __imp_mxCreateStructArray_730 000000018000f1b0     libmx:libmx.dll
 0002:000001b8       __imp_mxCreateCellArray_730 000000018000f1b8     libmx:libmx.dll
 0002:000001c0       __imp_mxSetCell_730        000000018000f1c0     libmx:libmx.dll
 0002:000001c8       __imp_mxCreateCellMatrix_730 000000018000f1c8     libmx:libmx.dll
 0002:000001d0       __imp_mxCreateStructMatrix_730 000000018000f1d0     libmx:libmx.dll
 0002:000001d8       __imp_mxCreateString       000000018000f1d8     libmx:libmx.dll
 0002:000001e0       __imp_mxSetField_730       000000018000f1e0     libmx:libmx.dll
 0002:000001e8       __imp_mxCreateDoubleScalar 000000018000f1e8     libmx:libmx.dll
 0002:000001f0       __imp_mxDuplicateArray     000000018000f1f0     libmx:libmx.dll
 0002:000001f8       __imp_mxDestroyArray       000000018000f1f8     libmx:libmx.dll
 0002:00000200       __imp_mxCreateLogicalScalar 000000018000f200     libmx:libmx.dll
 0002:00000208       __imp_mxCreateDoubleMatrix_730 000000018000f208     libmx:libmx.dll
 0002:00000210       __imp_mxGetScalar          000000018000f210     libmx:libmx.dll
 0002:00000218       __imp_mxGetString_730      000000018000f218     libmx:libmx.dll
 0002:00000220       __imp_mxIsChar             000000018000f220     libmx:libmx.dll
 0002:00000228       __imp_mxGetPr              000000018000f228     libmx:libmx.dll
 0002:00000230       \177libmx_NULL_THUNK_DATA  000000018000f230     libmx:libmx.dll
 0002:00000238       __imp_utMalloc             000000018000f238     libut:libut.dll
 0002:00000240       __imp_utFree               000000018000f240     libut:libut.dll
 0002:00000248       \177libut_NULL_THUNK_DATA  000000018000f248     libut:libut.dll
 0002:00000250       __imp_call_sf_machine_global_method_dispatcher 000000018000f250     sf_runtime:sf_runtime.dll
 0002:00000258       __imp_callMdlMethodAndReportError 000000018000f258     sf_runtime:sf_runtime.dll
 0002:00000260       __imp_sf_debug_api         000000018000f260     sf_runtime:sf_runtime.dll
 0002:00000268       __imp_sf_debug_create_debug_instance_struct 000000018000f268     sf_runtime:sf_runtime.dll
 0002:00000270       __imp_sf_debug_terminate   000000018000f270     sf_runtime:sf_runtime.dll
 0002:00000278       __imp_sf_clear_rtw_identifier 000000018000f278     sf_runtime:sf_runtime.dll
 0002:00000280       __imp_sf_mex_duplicatearraysafe 000000018000f280     sf_runtime:sf_runtime.dll
 0002:00000288       __imp_sf_mex_getcell       000000018000f288     sf_runtime:sf_runtime.dll
 0002:00000290       __imp_sf_mex_createcellmatrix 000000018000f290     sf_runtime:sf_runtime.dll
 0002:00000298       __imp_sf_mex_setcell       000000018000f298     sf_runtime:sf_runtime.dll
 0002:000002a0       __imp_sf_clear_error_manager_info 000000018000f2a0     sf_runtime:sf_runtime.dll
 0002:000002a8       __imp_sf_debug_call        000000018000f2a8     sf_runtime:sf_runtime.dll
 0002:000002b0       __imp_sf_debug_data_range_wrapper 000000018000f2b0     sf_runtime:sf_runtime.dll
 0002:000002b8       __imp_sf_debug_symbol_scope_push_eml 000000018000f2b8     sf_runtime:sf_runtime.dll
 0002:000002c0       __imp_sf_debug_symbol_scope_add_eml_importable 000000018000f2c0     sf_runtime:sf_runtime.dll
 0002:000002c8       __imp_sfcs_request_service 000000018000f2c8     sf_runtime:sf_runtime.dll
 0002:000002d0       __imp_sf_debug_read_before_write_error 000000018000f2d0     sf_runtime:sf_runtime.dll
 0002:000002d8       __imp_sf_mex_printf        000000018000f2d8     sf_runtime:sf_runtime.dll
 0002:000002e0       __imp_sf_mex_call_debug    000000018000f2e0     sf_runtime:sf_runtime.dll
 0002:000002e8       __imp_sf_debug_symbol_scope_pop 000000018000f2e8     sf_runtime:sf_runtime.dll
 0002:000002f0       __imp_cv_eml_eval          000000018000f2f0     sf_runtime:sf_runtime.dll
 0002:000002f8       __imp_sf_debug_check_for_state_inconsistency 000000018000f2f8     sf_runtime:sf_runtime.dll
 0002:00000300       __imp_sf_mex_error_direct_call 000000018000f300     sf_runtime:sf_runtime.dll
 0002:00000308       __imp_sf_debug_symbol_scope_push 000000018000f308     sf_runtime:sf_runtime.dll
 0002:00000310       __imp_sf_get_dwork_info_from_mat_file 000000018000f310     sf_runtime:sf_runtime.dll
 0002:00000318       __imp_sf_debug_set_instance_data_value_ptr 000000018000f318     sf_runtime:sf_runtime.dll
 0002:00000320       __imp_sf_is_first_init_cond 000000018000f320     sf_runtime:sf_runtime.dll
 0002:00000328       __imp_sf_get_time          000000018000f328     sf_runtime:sf_runtime.dll
 0002:00000330       __imp_sf_mex_import        000000018000f330     sf_runtime:sf_runtime.dll
 0002:00000338       __imp_sf_mex_dup           000000018000f338     sf_runtime:sf_runtime.dll
 0002:00000340       __imp_sf_mex_destroy       000000018000f340     sf_runtime:sf_runtime.dll
 0002:00000348       __imp_sf_debug_initialize_chart 000000018000f348     sf_runtime:sf_runtime.dll
 0002:00000350       __imp_sf_debug_set_chart_disable_implicit_casting 000000018000f350     sf_runtime:sf_runtime.dll
 0002:00000358       __imp_sf_debug_set_chart_event_thresholds 000000018000f358     sf_runtime:sf_runtime.dll
 0002:00000360       __imp_sf_debug_set_chart_data_props 000000018000f360     sf_runtime:sf_runtime.dll
 0002:00000368       __imp_sf_debug_set_chart_substate_count 000000018000f368     sf_runtime:sf_runtime.dll
 0002:00000370       __imp_sf_debug_set_chart_decomposition 000000018000f370     sf_runtime:sf_runtime.dll
 0002:00000378       __imp_sf_debug_cv_init_chart 000000018000f378     sf_runtime:sf_runtime.dll
 0002:00000380       __imp_sf_debug_cv_init_trans 000000018000f380     sf_runtime:sf_runtime.dll
 0002:00000388       __imp_cv_eml_init_script   000000018000f388     sf_runtime:sf_runtime.dll
 0002:00000390       __imp_cv_eml_init_if       000000018000f390     sf_runtime:sf_runtime.dll
 0002:00000398       __imp_sf_debug_set_chart_data_compiled_props 000000018000f398     sf_runtime:sf_runtime.dll
 0002:000003a0       __imp_sf_debug_reset_current_state_configuration 000000018000f3a0     sf_runtime:sf_runtime.dll
 0002:000003a8       __imp_ssGetDWork_wrapper   000000018000f3a8     sf_runtime:sf_runtime.dll
 0002:000003b0       __imp_ssGetInputPortSignal_wrapper 000000018000f3b0     sf_runtime:sf_runtime.dll
 0002:000003b8       __imp_ssGetOutputPortSignal_wrapper 000000018000f3b8     sf_runtime:sf_runtime.dll
 0002:000003c0       __imp_sf_runtime_overflow_check_is_on 000000018000f3c0     sf_runtime:sf_runtime.dll
 0002:000003c8       __imp_sf_set_encoded_dwork_info 000000018000f3c8     sf_runtime:sf_runtime.dll
 0002:000003d0       __imp_sim_mode_is_rtw_gen  000000018000f3d0     sf_runtime:sf_runtime.dll
 0002:000003d8       __imp_sim_mode_is_external 000000018000f3d8     sf_runtime:sf_runtime.dll
 0002:000003e0       __imp_sf_is_chart_inlinable 000000018000f3e0     sf_runtime:sf_runtime.dll
 0002:000003e8       __imp_sf_rtw_info_uint_prop 000000018000f3e8     sf_runtime:sf_runtime.dll
 0002:000003f0       __imp_sf_update_buildInfo  000000018000f3f0     sf_runtime:sf_runtime.dll
 0002:000003f8       __imp_sf_mark_chart_expressionable_inputs 000000018000f3f8     sf_runtime:sf_runtime.dll
 0002:00000400       __imp_sf_mark_chart_reusable_outputs 000000018000f400     sf_runtime:sf_runtime.dll
 0002:00000408       __imp_sf_set_rtw_dwork_info 000000018000f408     sf_runtime:sf_runtime.dll
 0002:00000410       __imp_sf_mex_error_message 000000018000f410     sf_runtime:sf_runtime.dll
 0002:00000418       __imp_sf_mex_decode_encoded_mx_struct_array 000000018000f418     sf_runtime:sf_runtime.dll
 0002:00000420       __imp_sf_mex_create        000000018000f420     sf_runtime:sf_runtime.dll
 0002:00000428       __imp_sf_mex_assign        000000018000f428     sf_runtime:sf_runtime.dll
 0002:00000430       __imp_sf_load_rtw_optimization_info 000000018000f430     sf_runtime:sf_runtime.dll
 0002:00000438       __imp_sf_debug_initialize_machine 000000018000f438     sf_runtime:sf_runtime.dll
 0002:00000440       __imp_sf_debug_set_machine_event_thresholds 000000018000f440     sf_runtime:sf_runtime.dll
 0002:00000448       __imp_sf_debug_set_machine_data_thresholds 000000018000f448     sf_runtime:sf_runtime.dll
 0002:00000450       \177sf_runtime_NULL_THUNK_DATA 000000018000f450     sf_runtime:sf_runtime.dll
 0002:00000458       __xc_a                     000000018000f458     MSVCRT:cinitexe.obj
 0002:00000460       __xc_z                     000000018000f460     MSVCRT:cinitexe.obj
 0002:00000468       __xi_a                     000000018000f468     MSVCRT:cinitexe.obj
 0002:00000478       __xi_z                     000000018000f478     MSVCRT:cinitexe.obj
 0002:00000480       __real@41e0fd3fd7400000    000000018000f480     stateflow4_sfun.obj
 0002:00000488       __real@41d19bce8a400000    000000018000f488     stateflow4_sfun.obj
 0002:00000490       __real@41e8e3dd64800000    000000018000f490     stateflow4_sfun.obj
 0002:00000498       __real@41c97a0231000000    000000018000f498     stateflow4_sfun.obj
 0002:000004a0       __real@41e2041df8e00000    000000018000f4a0     stateflow4_sfun.obj
 0002:000004a8       __real@41e3934fc1c00000    000000018000f4a8     stateflow4_sfun.obj
 0002:000004b0       __real@41d5ed9d8d800000    000000018000f4b0     stateflow4_sfun.obj
 0002:000004b8       __real@41d694e70e000000    000000018000f4b8     stateflow4_sfun.obj
 0002:000004c0       __real@41c55c8ca3000000    000000018000f4c0     stateflow4_sfun.obj
 0002:000004c8       __real@41b8295ecb000000    000000018000f4c8     stateflow4_sfun.obj
 0002:000004d0       __real@41e0548ca1e00000    000000018000f4d0     stateflow4_sfun.obj
 0002:000004d8       __real@41d54ea2d8400000    000000018000f4d8     stateflow4_sfun.obj
 0002:000004e0       __real@41a5e61d7c000000    000000018000f4e0     c3_stateflow4.obj
 0002:000004e8       __real@41d6d610fdc00000    000000018000f4e8     c3_stateflow4.obj
 0002:000004f0       __real@41deaac5f6800000    000000018000f4f0     c3_stateflow4.obj
 0002:000004f8       __real@41ef0b433d600000    000000018000f4f8     c3_stateflow4.obj
 0002:00000500       __real@4024000000000000    000000018000f500     c3_stateflow4.obj
 0002:00000508       __real@3ff0000000000000    000000018000f508     c3_stateflow4.obj
 0002:00000510       __real@403e000000000000    000000018000f510     c3_stateflow4.obj
 0002:00000520       DYNAMIC_DIMENSION_DEF      000000018000f520     stateflow4_sfun_registry.obj
 0002:00000540       _ssBadLevel2InputAccessMsg 000000018000f540     stateflow4_sfun_registry.obj
 0002:000006d0       _ssBadLevel2DirectFeedMsg  000000018000f6d0     stateflow4_sfun_registry.obj
 0002:00000810       _ssBadLevel2DirectFeedSolutionMsg 000000018000f810     stateflow4_sfun_registry.obj
 0002:00000880       _ssBadLevel2ZeroDirectFeedMsg 000000018000f880     stateflow4_sfun_registry.obj
 0002:000009c0       _ssBadLevel2ZeroDirectFeedMsg2 000000018000f9c0     stateflow4_sfun_registry.obj
 0002:00000aa8       __real@0000000000000000    000000018000faa8     stateflow4_sfun_registry.obj
 0002:00000ab0       __real@bff0000000000000    000000018000fab0     stateflow4_sfun_registry.obj
 0002:00000ab8       __real@41602cbca0000000    000000018000fab8     stateflow4_sfun_registry.obj
 0002:00000ac0       _pDefaultRawDllMain        000000018000fac0     MSVCRT:crtdll.obj
 0002:00000ac0       _pRawDllMain               000000018000fac0     MSVCRT:crtdll.obj
 0002:00000ad8       ?ProcessDetach@NativeDll@<CrtImplementationDetails>@@0IB 000000018000fad8     MSVCRT:tncleanup.obj
 0002:00000adc       ?ProcessAttach@NativeDll@<CrtImplementationDetails>@@0IB 000000018000fadc     MSVCRT:tncleanup.obj
 0002:00000ae0       ?ThreadAttach@NativeDll@<CrtImplementationDetails>@@0IB 000000018000fae0     MSVCRT:tncleanup.obj
 0002:00000ae4       ?ThreadDetach@NativeDll@<CrtImplementationDetails>@@0IB 000000018000fae4     MSVCRT:tncleanup.obj
 0002:00000ae8       ?ProcessVerifier@NativeDll@<CrtImplementationDetails>@@0IB 000000018000fae8     MSVCRT:tncleanup.obj
 0002:00000af0       __rtc_iaa                  000000018000faf0     MSVCRT:_initsect_.obj
 0002:00000af8       __rtc_izz                  000000018000faf8     MSVCRT:_initsect_.obj
 0002:00000b00       __rtc_taa                  000000018000fb00     MSVCRT:_initsect_.obj
 0002:00000b08       __rtc_tzz                  000000018000fb08     MSVCRT:_initsect_.obj
 0002:000012a0       __IMPORT_DESCRIPTOR_sf_runtime 00000001800102a0     sf_runtime:sf_runtime.dll
 0002:000012b4       __IMPORT_DESCRIPTOR_libmx  00000001800102b4     libmx:libmx.dll
 0002:000012c8       __IMPORT_DESCRIPTOR_libmex 00000001800102c8     libmex:libmex.dll
 0002:000012dc       __IMPORT_DESCRIPTOR_libut  00000001800102dc     libut:libut.dll
 0002:000012f0       __IMPORT_DESCRIPTOR_MSVCR100 00000001800102f0     MSVCRT:MSVCR100.dll
 0002:00001304       __IMPORT_DESCRIPTOR_KERNEL32 0000000180010304     kernel32:KERNEL32.dll
 0002:00001318       __NULL_IMPORT_DESCRIPTOR   0000000180010318     sf_runtime:sf_runtime.dll
 0003:000012d0       DYNAMIC_DIMENSION          00000001800132d0     stateflow4_sfun_registry.obj
 0003:00001f68       __security_cookie          0000000180013f68     MSVCRT:gs_cookie.obj
 0003:00001f70       __security_cookie_complement 0000000180013f70     MSVCRT:gs_cookie.obj
 0003:00001f78       _fltused                   0000000180013f78     MSVCRT:dllsupp.obj
 0003:00001f80       __native_dllmain_reason    0000000180013f80     MSVCRT:natstart.obj
 0003:00001f84       __native_vcclrit_reason    0000000180013f84     MSVCRT:natstart.obj
 0003:00002078       sfGlobalDebugInstanceStruct 0000000180014078     stateflow4_sfun_registry.obj
 0003:00002600       ?__type_info_root_node@@3U__type_info_node@@A 0000000180014600     MSVCRT:tncleanup.obj
 0003:00002610       _stateflow4MachineNumber_  0000000180014610     <common>
 0003:00002614       __native_startup_state     0000000180014614     <common>
 0003:00002618       __native_startup_lock      0000000180014618     <common>
 0003:00002620       __onexitend                0000000180014620     <common>
 0003:00002628       __onexitbegin              0000000180014628     <common>
 0003:00002630       __dyn_tls_init_callback    0000000180014630     <common>

 entry point at        0001:0000cc60

 Static symbols

 0001:00001a50       mdlProcessParameters_c3_stateflow4 0000000180002a50 f   c3_stateflow4.obj
 0001:00001b30       initialize_params_c3_stateflow4 0000000180002b30 f   c3_stateflow4.obj
 0001:00001b40       mdlSetWorkWidths_c3_stateflow4 0000000180002b40 f   c3_stateflow4.obj
 0001:000020b0       sf_get_instance_specialization 00000001800030b0 f   c3_stateflow4.obj
 0001:000020c0       sf_set_sfun_dwork_info     00000001800030c0 f   c3_stateflow4.obj
 0001:00002100       mdlStart_c3_stateflow4     0000000180003100 f   c3_stateflow4.obj
 0001:00002390       init_dsm_address_info      0000000180003390 f   c3_stateflow4.obj
 0001:000023a0       init_simulink_io_address   00000001800033a0 f   c3_stateflow4.obj
 0001:000024a0       sf_get_sim_state_info_c3_stateflow4 00000001800034a0 f   c3_stateflow4.obj
 0001:00002560       chart_debug_initialization 0000000180003560 f   c3_stateflow4.obj
 0001:00002e10       init_script_number_translation 0000000180003e10 f   c3_stateflow4.obj
 0001:00002e30       c3_sf_marshallOut          0000000180003e30 f   c3_stateflow4.obj
 0001:00002ee0       c3_sf_marshallIn           0000000180003ee0 f   c3_stateflow4.obj
 0001:00002f80       c3_b_emlrt_marshallIn      0000000180003f80 f   c3_stateflow4.obj
 0001:00003010       sf_opaque_initialize_c3_stateflow4 0000000180004010 f   c3_stateflow4.obj
 0001:00003060       initialize_c3_stateflow4   0000000180004060 f   c3_stateflow4.obj
 0001:00003100       initSimStructsc3_stateflow4 0000000180004100 f   c3_stateflow4.obj
 0001:00003110       chart_debug_initialize_data_addresses 0000000180004110 f   c3_stateflow4.obj
 0001:000032c0       sf_check_dwork_consistency 00000001800042c0 f   c3_stateflow4.obj
 0001:000033b0       sf_opaque_enable_c3_stateflow4 00000001800043b0 f   c3_stateflow4.obj
 0001:000033d0       enable_c3_stateflow4       00000001800043d0 f   c3_stateflow4.obj
 0001:00003400       sf_opaque_disable_c3_stateflow4 0000000180004400 f   c3_stateflow4.obj
 0001:00003420       disable_c3_stateflow4      0000000180004420 f   c3_stateflow4.obj
 0001:00003450       sf_opaque_gateway_c3_stateflow4 0000000180004450 f   c3_stateflow4.obj
 0001:00003470       sf_gateway_c3_stateflow4   0000000180004470 f   c3_stateflow4.obj
 0001:00004450       c3_set_sim_state_side_effects_c3_stateflow4 0000000180005450 f   c3_stateflow4.obj
 0001:00004480       c3_b_sf_marshallOut        0000000180005480 f   c3_stateflow4.obj
 0001:00004530       c3_b_sf_marshallIn         0000000180005530 f   c3_stateflow4.obj
 0001:000045d0       c3_c_emlrt_marshallIn      00000001800055d0 f   c3_stateflow4.obj
 0001:00004660       sf_opaque_ext_mode_exec_c3_stateflow4 0000000180005660 f   c3_stateflow4.obj
 0001:00004680       ext_mode_exec_c3_stateflow4 0000000180005680 f   c3_stateflow4.obj
 0001:000046a0       c3_update_debugger_state_c3_stateflow4 00000001800056a0 f   c3_stateflow4.obj
 0001:000046b0       sf_opaque_get_sim_state_c3_stateflow4 00000001800056b0 f   c3_stateflow4.obj
 0001:00004700       get_sim_state_c3_stateflow4 0000000180005700 f   c3_stateflow4.obj
 0001:00004920       sf_opaque_set_sim_state_c3_stateflow4 0000000180005920 f   c3_stateflow4.obj
 0001:00004970       set_sim_state_c3_stateflow4 0000000180005970 f   c3_stateflow4.obj
 0001:00004af0       c3_emlrt_marshallIn        0000000180005af0 f   c3_stateflow4.obj
 0001:00004b60       c3_e_emlrt_marshallIn      0000000180005b60 f   c3_stateflow4.obj
 0001:00004bc0       c3_f_emlrt_marshallIn      0000000180005bc0 f   c3_stateflow4.obj
 0001:00004c50       c3_g_emlrt_marshallIn      0000000180005c50 f   c3_stateflow4.obj
 0001:00004cc0       c3_h_emlrt_marshallIn      0000000180005cc0 f   c3_stateflow4.obj
 0001:00004d60       c3_i_emlrt_marshallIn      0000000180005d60 f   c3_stateflow4.obj
 0001:00004de0       c3_j_emlrt_marshallIn      0000000180005de0 f   c3_stateflow4.obj
 0001:00004e40       sf_opaque_terminate_c3_stateflow4 0000000180005e40 f   c3_stateflow4.obj
 0001:00004ee0       finalize_c3_stateflow4     0000000180005ee0 f   c3_stateflow4.obj
 0001:00004f10       sf_get_sfun_dwork_checksum 0000000180005f10 f   c3_stateflow4.obj
 0001:00004f20       mdlRTW_c3_stateflow4       0000000180005f20 f   c3_stateflow4.obj
 0001:00005d20       getChartInfoFromSimStruct  0000000180006d20 f   stateflow4_sfun_registry.obj
 0001:00007c40       _ssFatalError              0000000180008c40 f   stateflow4_sfun_registry.obj
 0001:0000af10       ProcessMexSfunctionCmdLineCall 000000018000bf10 f   stateflow4_sfun_registry.obj
 0001:0000b0e0       sf_debug_api_wrapper       000000018000c0e0 f   stateflow4_sfun_registry.obj
 0001:0000b130       mdlStart                   000000018000c130 f   stateflow4_sfun_registry.obj
 0001:0000b160       mdl_start_processing       000000018000c160 f   stateflow4_sfun_registry.obj
 0001:0000b220       mdlTerminate               000000018000c220 f   stateflow4_sfun_registry.obj
 0001:0000b250       mdl_terminate_processing   000000018000c250 f   stateflow4_sfun_registry.obj
 0001:0000b2d0       mdlInitializeSampleTimes   000000018000c2d0 f   stateflow4_sfun_registry.obj
 0001:0000b300       mdlZeroCrossings           000000018000c300 f   stateflow4_sfun_registry.obj
 0001:0000b330       mdl_zeroCrossings_processing 000000018000c330 f   stateflow4_sfun_registry.obj
 0001:0000b370       mdlDerivatives             000000018000c370 f   stateflow4_sfun_registry.obj
 0001:0000b3a0       mdl_derivatives_processing 000000018000c3a0 f   stateflow4_sfun_registry.obj
 0001:0000b3f0       mdlInitializeConditions    000000018000c3f0 f   stateflow4_sfun_registry.obj
 0001:0000b420       mdl_initialize_conditions_processing 000000018000c420 f   stateflow4_sfun_registry.obj
 0001:0000b470       mdlEnable                  000000018000c470 f   stateflow4_sfun_registry.obj
 0001:0000b4a0       mdl_enable_processing      000000018000c4a0 f   stateflow4_sfun_registry.obj
 0001:0000b4e0       mdlDisable                 000000018000c4e0 f   stateflow4_sfun_registry.obj
 0001:0000b510       mdl_disable_processing     000000018000c510 f   stateflow4_sfun_registry.obj
 0001:0000b550       mdlOutputs                 000000018000c550 f   stateflow4_sfun_registry.obj
 0001:0000b580       mdl_outputs_processing     000000018000c580 f   stateflow4_sfun_registry.obj
 0001:0000b6a0       mdl_outputs_continuous_legacy 000000018000c6a0 f   stateflow4_sfun_registry.obj
 0001:0000b790       mdlUpdate                  000000018000c790 f   stateflow4_sfun_registry.obj
 0001:0000b7c0       mdl_update_processing      000000018000c7c0 f   stateflow4_sfun_registry.obj
 0001:0000b820       mdlGetTimeOfNextVarHit     000000018000c820 f   stateflow4_sfun_registry.obj
 0001:0000b870       _ProcessMexSfunctionCmdLineCall 000000018000c870 f   stateflow4_sfun_registry.obj
 0001:0000bfd0       mdlSetWorkWidths           000000018000cfd0 f   stateflow4_sfun_registry.obj
 0001:0000c000       mdlProcessParameters       000000018000d000 f   stateflow4_sfun_registry.obj
 0001:0000c030       mdlInitializeSizes         000000018000d030 f   stateflow4_sfun_registry.obj
 0001:0000c060       mdlExtModeExec             000000018000d060 f   stateflow4_sfun_registry.obj
 0001:0000c090       mdl_ext_mode_exec_processing 000000018000d090 f   stateflow4_sfun_registry.obj
 0001:0000c0d0       mdlRTW                     000000018000d0d0 f   stateflow4_sfun_registry.obj
 0001:0000c110       _CreateSimStruct           000000018000d110 f   stateflow4_sfun_registry.obj
 0001:0000c2a0       _RegNumInputPortsCB        000000018000d2a0 f   stateflow4_sfun_registry.obj
 0001:0000c320       _RegNumOutputPortsCB       000000018000d320 f   stateflow4_sfun_registry.obj
 0001:0000c868       pre_c_init                 000000018000d868 f   MSVCRT:crtdll.obj
 0001:0000cb24       __DllMainCRTStartup        000000018000db24 f   MSVCRT:crtdll.obj
 0001:0000d190       __DllMainCRTStartup$filt$0 000000018000e190 f   MSVCRT:crtdll.obj
 0001:0000d1c0       __DllMainCRTStartup$fin$1  000000018000e1c0 f   MSVCRT:crtdll.obj
 0001:0000d1da       _onexit$fin$0              000000018000e1da f   MSVCRT:atonexit.obj
 0001:0000d200       _IsNonwritableInCurrentImage$filt$0 000000018000e200 f   MSVCRT:pesect.obj
