 stateflow7_sfun

 Timestamp is 5851e04b (Thu Dec 15 01:14:03 2016)

 Preferred load address is 0000000180000000

 Start         Length     Name                   Class
 0001:00000000 0000e1d4H .text                   CODE
 0001:0000e1e0 00000092H .text$x                 CODE
 0002:00000000 000004a0H .idata$5                DATA
 0002:000004a0 00000008H .CRT$XCA                DATA
 0002:000004a8 00000008H .CRT$XCZ                DATA
 0002:000004b0 00000008H .CRT$XIA                DATA
 0002:000004b8 00000008H .CRT$XIAA               DATA
 0002:000004c0 00000008H .CRT$XIZ                DATA
 0002:000004d0 0000066cH .rdata                  DATA
 0002:00000b40 00000008H .rtc$IAA                DATA
 0002:00000b48 00000008H .rtc$IZZ                DATA
 0002:00000b50 00000008H .rtc$TAA                DATA
 0002:00000b58 00000008H .rtc$TZZ                DATA
 0002:00000b60 00000798H .xdata                  DATA
 0002:000012f8 00000078H .idata$2                DATA
 0002:00001370 00000014H .idata$3                DATA
 0002:00001388 000004a0H .idata$4                DATA
 0002:00001828 00000d0cH .idata$6                DATA
 0002:00002540 00000055H .edata                  DATA
 0003:00000000 00002038H .data                   DATA
 0003:00002040 000006a8H .bss                    DATA
 0004:00000000 00000948H .pdata                  DATA

  Address         Publics by Value              Rva+Base               Lib:Object

 0000:00000000       ___safe_se_handler_count   0000000000000000     <absolute>
 0000:00000000       ___safe_se_handler_table   0000000000000000     <absolute>
 0000:00000000       __ImageBase                0000000180000000     <linker-defined>
 0001:00000000       stateflow7_initializer     0000000180001000 f   stateflow7_sfun.obj
 0001:00000010       stateflow7_terminator      0000000180001010 f   stateflow7_sfun.obj
 0001:00000020       sf_stateflow7_method_dispatcher 0000000180001020 f   stateflow7_sfun.obj
 0001:00000070       sf_stateflow7_uses_exported_functions 0000000180001070 f   stateflow7_sfun.obj
 0001:000000b0       sf_stateflow7_process_testpoint_info_call 00000001800010b0 f   stateflow7_sfun.obj
 0001:00000230       sf_stateflow7_process_check_sum_call 0000000180001230 f   stateflow7_sfun.obj
 0001:000005c0       sf_stateflow7_autoinheritance_info 00000001800015c0 f   stateflow7_sfun.obj
 0001:00000730       sf_stateflow7_get_eml_resolved_functions_info 0000000180001730 f   stateflow7_sfun.obj
 0001:00000860       sf_stateflow7_third_party_uses_info 0000000180001860 f   stateflow7_sfun.obj
 0001:000009b0       sf_stateflow7_jit_fallback_info 00000001800019b0 f   stateflow7_sfun.obj
 0001:00000b00       sf_stateflow7_updateBuildInfo_args_info 0000000180001b00 f   stateflow7_sfun.obj
 0001:00000c50       sf_stateflow7_get_post_codegen_info 0000000180001c50 f   stateflow7_sfun.obj
 0001:00000d20       stateflow7_debug_initialize 0000000180001d20 f   stateflow7_sfun.obj
 0001:00000da0       stateflow7_register_exported_symbols 0000000180001da0 f   stateflow7_sfun.obj
 0001:00000db0       load_stateflow7_optimization_info 0000000180001db0 f   stateflow7_sfun.obj
 0001:00000e00       unload_stateflow7_optimization_info 0000000180001e00 f   stateflow7_sfun.obj
 0001:00000e30       sf_c3_stateflow7_get_eml_resolved_functions_info 0000000180001e30 f   c3_stateflow7.obj
 0001:00000eb0       sf_c3_stateflow7_get_check_sum 0000000180001eb0 f   c3_stateflow7.obj
 0001:00000f30       sf_c3_stateflow7_get_autoinheritance_info 0000000180001f30 f   c3_stateflow7.obj
 0001:000016e0       sf_c3_stateflow7_third_party_uses_info 00000001800026e0 f   c3_stateflow7.obj
 0001:00001710       sf_c3_stateflow7_jit_fallback_info 0000000180002710 f   c3_stateflow7.obj
 0001:00001850       sf_c3_stateflow7_updateBuildInfo_args_info 0000000180002850 f   c3_stateflow7.obj
 0001:00001880       sf_c3_stateflow7_get_post_codegen_info 0000000180002880 f   c3_stateflow7.obj
 0001:000019a0       sf_c3_stateflow7_get_testpoint_info 00000001800029a0 f   c3_stateflow7.obj
 0001:000019e0       c3_stateflow7_method_dispatcher 00000001800029e0 f   c3_stateflow7.obj
 0001:00005f80       sf_process_check_sum_call  0000000180006f80 f   stateflow7_sfun_registry.obj
 0001:00005fd0       sf_process_machine_uses_exported_functions_call 0000000180006fd0 f   stateflow7_sfun_registry.obj
 0001:00006120       sf_process_testpoint_info_call 0000000180007120 f   stateflow7_sfun_registry.obj
 0001:00006170       sf_process_autoinheritance_call 0000000180007170 f   stateflow7_sfun_registry.obj
 0001:00006310       sf_process_get_third_party_uses_info_call 0000000180007310 f   stateflow7_sfun_registry.obj
 0001:000064b0       sf_process_get_jit_fallback_info_call 00000001800074b0 f   stateflow7_sfun_registry.obj
 0001:00006650       sf_process_get_updateBuildInfo_args_info_call 0000000180007650 f   stateflow7_sfun_registry.obj
 0001:000067f0       sf_process_get_eml_resolved_functions_info_call 00000001800077f0 f   stateflow7_sfun_registry.obj
 0001:00006970       sf_process_get_post_codegen_info 0000000180007970 f   stateflow7_sfun_registry.obj
 0001:00006ac0       sf_mex_unlock_call         0000000180007ac0 f   stateflow7_sfun_registry.obj
 0001:00006b70       sf_machine_global_initializer_called 0000000180007b70 f   stateflow7_sfun_registry.obj
 0001:00006ba0       sf_machine_global_method_dispatcher 0000000180007ba0 f   stateflow7_sfun_registry.obj
 0001:00006c00       sf_machine_global_terminator 0000000180007c00 f   stateflow7_sfun_registry.obj
 0001:00006c50       sf_register_machine_exported_symbols 0000000180007c50 f   stateflow7_sfun_registry.obj
 0001:00006c70       callCustomFcn              0000000180007c70 f   stateflow7_sfun_registry.obj
 0001:00006c80       sf_machine_global_initializer 0000000180007c80 f   stateflow7_sfun_registry.obj
 0001:00006d00       mdlGetSimState             0000000180007d00 f   stateflow7_sfun_registry.obj
 0001:00006d80       mdlSetSimState             0000000180007d80 f   stateflow7_sfun_registry.obj
 0001:00006dc0       _ssSetStateAbsTol          0000000180007dc0 f   stateflow7_sfun_registry.obj
 0001:00006ea0       _ssGetAbsTol               0000000180007ea0 f   stateflow7_sfun_registry.obj
 0001:00006f10       _ssSetInputPortMatrixDimensions 0000000180007f10 f   stateflow7_sfun_registry.obj
 0001:00007020       _ssSetOutputPortMatrixDimensions 0000000180008020 f   stateflow7_sfun_registry.obj
 0001:00007130       _ssSetInputPortVectorDimension 0000000180008130 f   stateflow7_sfun_registry.obj
 0001:00007200       _ssSetOutputPortVectorDimension 0000000180008200 f   stateflow7_sfun_registry.obj
 0001:000072d0       _ssSetSymbolicDimsSupport  00000001800082d0 f   stateflow7_sfun_registry.obj
 0001:00007340       _ssRegisterSymbolicDimsExpr 0000000180008340 f   stateflow7_sfun_registry.obj
 0001:000073c0       _ssRegisterSymbolicDims    00000001800083c0 f   stateflow7_sfun_registry.obj
 0001:00007460       _ssRegisterSymbolicDimsString 0000000180008460 f   stateflow7_sfun_registry.obj
 0001:000074e0       _ssRegisterSymbolicDimsIntValue 00000001800084e0 f   stateflow7_sfun_registry.obj
 0001:00007550       _ssRegisterSymbolicDimsPlus 0000000180008550 f   stateflow7_sfun_registry.obj
 0001:000075d0       _ssRegisterSymbolicDimsMinus 00000001800085d0 f   stateflow7_sfun_registry.obj
 0001:00007650       _ssRegisterSymbolicDimsMultiply 0000000180008650 f   stateflow7_sfun_registry.obj
 0001:000076d0       _ssRegisterSymbolicDimsDivide 00000001800086d0 f   stateflow7_sfun_registry.obj
 0001:00007750       _ssGetNumSymbolicDims      0000000180008750 f   stateflow7_sfun_registry.obj
 0001:000077c0       _ssGetSymbolicDim          00000001800087c0 f   stateflow7_sfun_registry.obj
 0001:00007840       _ssSetInputPortSymbolicDimsId 0000000180008840 f   stateflow7_sfun_registry.obj
 0001:000078b0       _ssGetCompInputPortSymbolicDimsId 00000001800088b0 f   stateflow7_sfun_registry.obj
 0001:00007920       _ssSetCompInputPortSymbolicDimsId 0000000180008920 f   stateflow7_sfun_registry.obj
 0001:00007990       _ssSetOutputPortSymbolicDimsId 0000000180008990 f   stateflow7_sfun_registry.obj
 0001:00007a00       _ssGetCompOutputPortSymbolicDimsId 0000000180008a00 f   stateflow7_sfun_registry.obj
 0001:00007a70       _ssSetCompOutputPortSymbolicDimsId 0000000180008a70 f   stateflow7_sfun_registry.obj
 0001:00007ae0       _ssSetCompDWorkSymbolicDimsId 0000000180008ae0 f   stateflow7_sfun_registry.obj
 0001:00007b50       ssIsRunTimeParamTunable    0000000180008b50 f   stateflow7_sfun_registry.obj
 0001:00007bc0       ssGetSFuncBlockHandle      0000000180008bc0 f   stateflow7_sfun_registry.obj
 0001:00007c30       _ssGetCurrentInputPortWidth 0000000180008c30 f   stateflow7_sfun_registry.obj
 0001:00007d50       _ssGetCurrentOutputPortWidth 0000000180008d50 f   stateflow7_sfun_registry.obj
 0001:00007e70       _ssGetCallSystemNumFcnCallDestinations 0000000180008e70 f   stateflow7_sfun_registry.obj
 0001:00007ee0       ssWarning                  0000000180008ee0 f   stateflow7_sfun_registry.obj
 0001:00007ff0       ssGetIsZeroCrossControlDisabled 0000000180008ff0 f   stateflow7_sfun_registry.obj
 0001:00008060       ssSetIsInputPortUsedForContZcSignal 0000000180009060 f   stateflow7_sfun_registry.obj
 0001:000080d0       ssSetZcSignalIsZcElementDisc 00000001800090d0 f   stateflow7_sfun_registry.obj
 0001:00008180       ssSetZcSignalName          0000000180009180 f   stateflow7_sfun_registry.obj
 0001:000081f0       ssSetZcSignalWidth         00000001800091f0 f   stateflow7_sfun_registry.obj
 0001:00008260       ssSetZcSignalZcEventType   0000000180009260 f   stateflow7_sfun_registry.obj
 0001:000082d0       ssSetZcSignalType          00000001800092d0 f   stateflow7_sfun_registry.obj
 0001:00008340       ssSetZcSignalZcTol         0000000180009340 f   stateflow7_sfun_registry.obj
 0001:000083b0       ssSetZcSignalNeedsEventNotification 00000001800093b0 f   stateflow7_sfun_registry.obj
 0001:00008420       ssCreateAndAddZcSignalInfo 0000000180009420 f   stateflow7_sfun_registry.obj
 0001:00008490       ssCloneAndAddZcSignalInfo  0000000180009490 f   stateflow7_sfun_registry.obj
 0001:00008500       ssGetNumZcSignals          0000000180009500 f   stateflow7_sfun_registry.obj
 0001:00008570       ssGetZcSignalVector        0000000180009570 f   stateflow7_sfun_registry.obj
 0001:000085e0       ssGetZcSignalZcEvents      00000001800095e0 f   stateflow7_sfun_registry.obj
 0001:00008650       ssGetZcSignalName          0000000180009650 f   stateflow7_sfun_registry.obj
 0001:000086c0       ssGetZcSignalWidth         00000001800096c0 f   stateflow7_sfun_registry.obj
 0001:00008730       ssGetZcSignalZcEventType   0000000180009730 f   stateflow7_sfun_registry.obj
 0001:000087a0       ssGetZcSignalType          00000001800097a0 f   stateflow7_sfun_registry.obj
 0001:00008810       ssGetZcSignalZcTol         0000000180009810 f   stateflow7_sfun_registry.obj
 0001:00008890       ssGetZcSignalNeedsEventNotification 0000000180009890 f   stateflow7_sfun_registry.obj
 0001:00008900       ssGetZcSignalIsZcElementDisc 0000000180009900 f   stateflow7_sfun_registry.obj
 0001:000089a0       ssGetIsInputPortElementContinuous 00000001800099a0 f   stateflow7_sfun_registry.obj
 0001:00008a40       _ssGetInputPortSignalPtrsFcn 0000000180009a40 f   stateflow7_sfun_registry.obj
 0001:00008d00       _ssGetInputPortSignalFcn   0000000180009d00 f   stateflow7_sfun_registry.obj
 0001:00008f20       _ssSetInputPortDirectFeedThroughFcn 0000000180009f20 f   stateflow7_sfun_registry.obj
 0001:00009080       _ssSetInputPortReusableFcn 000000018000a080 f   stateflow7_sfun_registry.obj
 0001:00009170       _ssSetOutputPortReusableFcn 000000018000a170 f   stateflow7_sfun_registry.obj
 0001:00009250       ssGetDTypeIdFromMxArray    000000018000a250 f   stateflow7_sfun_registry.obj
 0001:00009370       ssWriteRTWStr              000000018000a370 f   stateflow7_sfun_registry.obj
 0001:000093d0       ssWriteRTWMxVectParam      000000018000a3d0 f   stateflow7_sfun_registry.obj
 0001:00009430       ssWriteRTWMx2dMatParam     000000018000a430 f   stateflow7_sfun_registry.obj
 0001:000094b0       ssWriteRTWNameValuePair    000000018000a4b0 f   stateflow7_sfun_registry.obj
 0001:000099a0       ssWriteRTWParameters       000000018000a9a0 f   stateflow7_sfun_registry.obj
 0001:00009fa0       ssWriteRTWParamSettings    000000018000afa0 f   stateflow7_sfun_registry.obj
 0001:0000a670       ssWriteRTWWorkVect         000000018000b670 f   stateflow7_sfun_registry.obj
 0001:0000ab70       mexFunction                000000018000bb70 f   stateflow7_sfun_registry.obj
 0001:0000d3c0       ProcessMexSfunctionEveryCall 000000018000e3c0 f   stateflow7_sfun_registry.obj
 0001:0000d556       sf_debug_set_machine_data_thresholds 000000018000e556 f   sf_runtime:sf_runtime.dll
 0001:0000d55c       sf_debug_set_machine_event_thresholds 000000018000e55c f   sf_runtime:sf_runtime.dll
 0001:0000d562       sf_debug_initialize_machine 000000018000e562 f   sf_runtime:sf_runtime.dll
 0001:0000d568       sf_load_rtw_optimization_info 000000018000e568 f   sf_runtime:sf_runtime.dll
 0001:0000d56e       sf_mex_assign              000000018000e56e f   sf_runtime:sf_runtime.dll
 0001:0000d574       sf_mex_create              000000018000e574 f   sf_runtime:sf_runtime.dll
 0001:0000d57a       sf_mex_decode_encoded_mx_struct_array 000000018000e57a f   sf_runtime:sf_runtime.dll
 0001:0000d580       sf_mex_error_message       000000018000e580 f   sf_runtime:sf_runtime.dll
 0001:0000d586       sf_set_rtw_dwork_info      000000018000e586 f   sf_runtime:sf_runtime.dll
 0001:0000d58c       sf_mark_chart_reusable_outputs 000000018000e58c f   sf_runtime:sf_runtime.dll
 0001:0000d592       sf_mark_chart_expressionable_inputs 000000018000e592 f   sf_runtime:sf_runtime.dll
 0001:0000d598       sf_update_buildInfo        000000018000e598 f   sf_runtime:sf_runtime.dll
 0001:0000d59e       sf_rtw_info_uint_prop      000000018000e59e f   sf_runtime:sf_runtime.dll
 0001:0000d5a4       sf_is_chart_inlinable      000000018000e5a4 f   sf_runtime:sf_runtime.dll
 0001:0000d5aa       sim_mode_is_external       000000018000e5aa f   sf_runtime:sf_runtime.dll
 0001:0000d5b0       sim_mode_is_rtw_gen        000000018000e5b0 f   sf_runtime:sf_runtime.dll
 0001:0000d5b6       sf_set_encoded_dwork_info  000000018000e5b6 f   sf_runtime:sf_runtime.dll
 0001:0000d5bc       sf_runtime_overflow_check_is_on 000000018000e5bc f   sf_runtime:sf_runtime.dll
 0001:0000d5c2       ssGetOutputPortSignal_wrapper 000000018000e5c2 f   sf_runtime:sf_runtime.dll
 0001:0000d5c8       ssGetInputPortSignal_wrapper 000000018000e5c8 f   sf_runtime:sf_runtime.dll
 0001:0000d5ce       ssGetDWork_wrapper         000000018000e5ce f   sf_runtime:sf_runtime.dll
 0001:0000d5d4       sf_debug_reset_current_state_configuration 000000018000e5d4 f   sf_runtime:sf_runtime.dll
 0001:0000d5da       sf_debug_set_chart_data_compiled_props 000000018000e5da f   sf_runtime:sf_runtime.dll
 0001:0000d5e0       cv_eml_init_relational     000000018000e5e0 f   sf_runtime:sf_runtime.dll
 0001:0000d5e6       cv_eml_init_mcdc           000000018000e5e6 f   sf_runtime:sf_runtime.dll
 0001:0000d5ec       cv_eml_init_if             000000018000e5ec f   sf_runtime:sf_runtime.dll
 0001:0000d5f2       cv_eml_init_script         000000018000e5f2 f   sf_runtime:sf_runtime.dll
 0001:0000d5f8       sf_debug_cv_init_trans     000000018000e5f8 f   sf_runtime:sf_runtime.dll
 0001:0000d5fe       sf_debug_cv_init_state     000000018000e5fe f   sf_runtime:sf_runtime.dll
 0001:0000d604       sf_debug_cv_init_chart     000000018000e604 f   sf_runtime:sf_runtime.dll
 0001:0000d60a       sf_debug_set_chart_state_substate_count 000000018000e60a f   sf_runtime:sf_runtime.dll
 0001:0000d610       sf_debug_set_chart_substate_index 000000018000e610 f   sf_runtime:sf_runtime.dll
 0001:0000d616       sf_debug_set_chart_decomposition 000000018000e616 f   sf_runtime:sf_runtime.dll
 0001:0000d61c       sf_debug_set_chart_substate_count 000000018000e61c f   sf_runtime:sf_runtime.dll
 0001:0000d622       sf_debug_set_chart_state_info 000000018000e622 f   sf_runtime:sf_runtime.dll
 0001:0000d628       sf_debug_set_chart_data_props 000000018000e628 f   sf_runtime:sf_runtime.dll
 0001:0000d62e       sf_debug_set_chart_event_thresholds 000000018000e62e f   sf_runtime:sf_runtime.dll
 0001:0000d634       sf_debug_set_chart_disable_implicit_casting 000000018000e634 f   sf_runtime:sf_runtime.dll
 0001:0000d63a       sf_debug_initialize_chart  000000018000e63a f   sf_runtime:sf_runtime.dll
 0001:0000d640       sf_mex_destroy             000000018000e640 f   sf_runtime:sf_runtime.dll
 0001:0000d646       sf_mex_dup                 000000018000e646 f   sf_runtime:sf_runtime.dll
 0001:0000d64c       sf_mex_import              000000018000e64c f   sf_runtime:sf_runtime.dll
 0001:0000d652       sf_get_time                000000018000e652 f   sf_runtime:sf_runtime.dll
 0001:0000d658       sf_is_first_init_cond      000000018000e658 f   sf_runtime:sf_runtime.dll
 0001:0000d65e       sf_debug_set_instance_data_value_ptr 000000018000e65e f   sf_runtime:sf_runtime.dll
 0001:0000d664       sf_get_dwork_info_from_mat_file 000000018000e664 f   sf_runtime:sf_runtime.dll
 0001:0000d66a       sf_debug_check_for_state_inconsistency 000000018000e66a f   sf_runtime:sf_runtime.dll
 0001:0000d670       cv_eml_eval                000000018000e670 f   sf_runtime:sf_runtime.dll
 0001:0000d676       cv_eval_relational         000000018000e676 f   sf_runtime:sf_runtime.dll
 0001:0000d67c       cv_eval_point              000000018000e67c f   sf_runtime:sf_runtime.dll
 0001:0000d682       sf_debug_symbol_scope_pop  000000018000e682 f   sf_runtime:sf_runtime.dll
 0001:0000d688       sfcs_request_service       000000018000e688 f   sf_runtime:sf_runtime.dll
 0001:0000d68e       sf_debug_symbol_scope_add_eml_importable 000000018000e68e f   sf_runtime:sf_runtime.dll
 0001:0000d694       sf_debug_symbol_scope_push_eml 000000018000e694 f   sf_runtime:sf_runtime.dll
 0001:0000d69a       sf_debug_data_range_wrapper 000000018000e69a f   sf_runtime:sf_runtime.dll
 0001:0000d6a0       sf_debug_call              000000018000e6a0 f   sf_runtime:sf_runtime.dll
 0001:0000d6a6       sf_debug_symbol_scope_push 000000018000e6a6 f   sf_runtime:sf_runtime.dll
 0001:0000d6ac       sf_debug_animate           000000018000e6ac f   sf_runtime:sf_runtime.dll
 0001:0000d6b2       sf_debug_set_honor_breakpoints 000000018000e6b2 f   sf_runtime:sf_runtime.dll
 0001:0000d6b8       sf_debug_set_animation     000000018000e6b8 f   sf_runtime:sf_runtime.dll
 0001:0000d6be       sf_debug_get_animation     000000018000e6be f   sf_runtime:sf_runtime.dll
 0001:0000d6c4       sf_mex_setcell             000000018000e6c4 f   sf_runtime:sf_runtime.dll
 0001:0000d6ca       sf_mex_createcellmatrix    000000018000e6ca f   sf_runtime:sf_runtime.dll
 0001:0000d6d0       sf_mex_getcell             000000018000e6d0 f   sf_runtime:sf_runtime.dll
 0001:0000d6d6       sf_mex_duplicatearraysafe  000000018000e6d6 f   sf_runtime:sf_runtime.dll
 0001:0000d6dc       sf_clear_rtw_identifier    000000018000e6dc f   sf_runtime:sf_runtime.dll
 0001:0000d6e2       sf_debug_terminate         000000018000e6e2 f   sf_runtime:sf_runtime.dll
 0001:0000d6e8       sf_debug_create_debug_instance_struct 000000018000e6e8 f   sf_runtime:sf_runtime.dll
 0001:0000d6ee       sf_debug_api               000000018000e6ee f   sf_runtime:sf_runtime.dll
 0001:0000d6f4       callMdlMethodAndReportError 000000018000e6f4 f   sf_runtime:sf_runtime.dll
 0001:0000d6fa       call_sf_machine_global_method_dispatcher 000000018000e6fa f   sf_runtime:sf_runtime.dll
 0001:0000d700       sf_clear_error_manager_info 000000018000e700 f   sf_runtime:sf_runtime.dll
 0001:0000d706       sf_mex_error_direct_call   000000018000e706 f   sf_runtime:sf_runtime.dll
 0001:0000d70c       mxCreateLogicalScalar      000000018000e70c f   libmx:libmx.dll
 0001:0000d712       mxCreateDoubleMatrix_730   000000018000e712 f   libmx:libmx.dll
 0001:0000d718       mxGetScalar                000000018000e718 f   libmx:libmx.dll
 0001:0000d71e       mxGetString_730            000000018000e71e f   libmx:libmx.dll
 0001:0000d724       mxIsChar                   000000018000e724 f   libmx:libmx.dll
 0001:0000d72a       mxGetPr                    000000018000e72a f   libmx:libmx.dll
 0001:0000d730       mxDestroyArray             000000018000e730 f   libmx:libmx.dll
 0001:0000d736       mxDuplicateArray           000000018000e736 f   libmx:libmx.dll
 0001:0000d73c       mxCreateDoubleScalar       000000018000e73c f   libmx:libmx.dll
 0001:0000d742       mxSetField_730             000000018000e742 f   libmx:libmx.dll
 0001:0000d748       mxCreateString             000000018000e748 f   libmx:libmx.dll
 0001:0000d74e       mxCreateStructMatrix_730   000000018000e74e f   libmx:libmx.dll
 0001:0000d754       mxCreateCellMatrix_730     000000018000e754 f   libmx:libmx.dll
 0001:0000d75a       mxSetCell_730              000000018000e75a f   libmx:libmx.dll
 0001:0000d760       mxCreateCellArray_730      000000018000e760 f   libmx:libmx.dll
 0001:0000d766       mxCreateStructArray_730    000000018000e766 f   libmx:libmx.dll
 0001:0000d76c       mxGetClassID               000000018000e76c f   libmx:libmx.dll
 0001:0000d772       mxIsNumeric                000000018000e772 f   libmx:libmx.dll
 0001:0000d778       mxIsComplex                000000018000e778 f   libmx:libmx.dll
 0001:0000d77e       mxGetN                     000000018000e77e f   libmx:libmx.dll
 0001:0000d784       mxGetM                     000000018000e784 f   libmx:libmx.dll
 0001:0000d78a       mxCalloc                   000000018000e78a f   libmx:libmx.dll
 0001:0000d790       mexMakeArrayPersistent     000000018000e790 f   libmex:libmex.dll
 0001:0000d796       mexUnlock                  000000018000e796 f   libmex:libmex.dll
 0001:0000d79c       mexIsLocked                000000018000e79c f   libmex:libmex.dll
 0001:0000d7a2       mexWarnMsgTxt              000000018000e7a2 f   libmex:libmex.dll
 0001:0000d7a8       mexCallMATLABWithObject    000000018000e7a8 f   libmex:libmex.dll
 0001:0000d7ae       mexErrMsgTxt               000000018000e7ae f   libmex:libmex.dll
 0001:0000d7b4       mexLock                    000000018000e7b4 f   libmex:libmex.dll
 0001:0000d7ba       utMalloc                   000000018000e7ba f   libut:libut.dll
 0001:0000d7c0       utFree                     000000018000e7c0 f   libut:libut.dll
 0001:0000d7c8       __GSHandlerCheckCommon     000000018000e7c8 f   MSVCRT:gshandler.obj
 0001:0000d82c       __GSHandlerCheck           000000018000e82c f   MSVCRT:gshandler.obj
 0001:0000d84a       strcmp                     000000018000e84a f   MSVCRT:MSVCR100.dll
 0001:0000d860       __security_check_cookie    000000018000e860 f   MSVCRT:amdsecgs.obj
 0001:0000d880       memset                     000000018000e880 f   MSVCRT:MSVCR100.dll
 0001:0000d886       free                       000000018000e886 f   MSVCRT:MSVCR100.dll
 0001:0000d88c       sprintf                    000000018000e88c f   MSVCRT:MSVCR100.dll
 0001:0000d892       malloc                     000000018000e892 f   MSVCRT:MSVCR100.dll
 0001:0000d898       strlen                     000000018000e898 f   MSVCRT:MSVCR100.dll
 0001:0000d89e       strcat                     000000018000e89e f   MSVCRT:MSVCR100.dll
 0001:0000d8a4       memcpy                     000000018000e8a4 f   MSVCRT:MSVCR100.dll
 0001:0000d8ac       NtCurrentTeb               000000018000e8ac f i MSVCRT:crtdll.obj
 0001:0000d918       _CRT_INIT                  000000018000e918 f   MSVCRT:crtdll.obj
 0001:0000dcb0       _DllMainCRTStartup         000000018000ecb0 f   MSVCRT:crtdll.obj
 0001:0000dcf0       __report_gsfailure         000000018000ecf0 f   MSVCRT:gs_report.obj
 0001:0000de3c       __clean_type_info_names    000000018000ee3c f   MSVCRT:tncleanup.obj
 0001:0000de48       _onexit                    000000018000ee48 f   MSVCRT:atonexit.obj
 0001:0000def8       atexit                     000000018000eef8 f   MSVCRT:atonexit.obj
 0001:0000df10       _RTC_Initialize            000000018000ef10 f   MSVCRT:_initsect_.obj
 0001:0000df48       _RTC_Terminate             000000018000ef48 f   MSVCRT:_initsect_.obj
 0001:0000df80       _malloc_crt                000000018000ef80 f   MSVCRT:MSVCR100.dll
 0001:0000df90       _ValidateImageBase         000000018000ef90 f   MSVCRT:pesect.obj
 0001:0000dfc0       _FindPESection             000000018000efc0 f   MSVCRT:pesect.obj
 0001:0000e010       _IsNonwritableInCurrentImage 000000018000f010 f   MSVCRT:pesect.obj
 0001:0000e052       _initterm                  000000018000f052 f   MSVCRT:MSVCR100.dll
 0001:0000e058       _initterm_e                000000018000f058 f   MSVCRT:MSVCR100.dll
 0001:0000e05e       _encoded_null              000000018000f05e f   MSVCRT:MSVCR100.dll
 0001:0000e064       _amsg_exit                 000000018000f064 f   MSVCRT:MSVCR100.dll
 0001:0000e06a       __C_specific_handler       000000018000f06a f   MSVCRT:MSVCR100.dll
 0001:0000e070       __CppXcptFilter            000000018000f070 f   MSVCRT:MSVCR100.dll
 0001:0000e078       DllMain                    000000018000f078 f   MSVCRT:dllmain.obj
 0001:0000e09c       __security_init_cookie     000000018000f09c f   MSVCRT:gs_support.obj
 0001:0000e150       __crt_debugger_hook        000000018000f150 f   MSVCRT:MSVCR100.dll
 0001:0000e156       __clean_type_info_names_internal 000000018000f156 f   MSVCRT:MSVCR100.dll
 0001:0000e15c       _unlock                    000000018000f15c f   MSVCRT:MSVCR100.dll
 0001:0000e162       __dllonexit                000000018000f162 f   MSVCRT:MSVCR100.dll
 0001:0000e168       _lock                      000000018000f168 f   MSVCRT:MSVCR100.dll
 0001:0000e16e       EncodePointer              000000018000f16e f   kernel32:KERNEL32.dll
 0001:0000e174       DecodePointer              000000018000f174 f   kernel32:KERNEL32.dll
 0001:0000e17a       Sleep                      000000018000f17a f   kernel32:KERNEL32.dll
 0001:0000e180       TerminateProcess           000000018000f180 f   kernel32:KERNEL32.dll
 0001:0000e186       GetCurrentProcess          000000018000f186 f   kernel32:KERNEL32.dll
 0001:0000e18c       UnhandledExceptionFilter   000000018000f18c f   kernel32:KERNEL32.dll
 0001:0000e192       SetUnhandledExceptionFilter 000000018000f192 f   kernel32:KERNEL32.dll
 0001:0000e198       IsDebuggerPresent          000000018000f198 f   kernel32:KERNEL32.dll
 0001:0000e19e       RtlVirtualUnwind           000000018000f19e f   kernel32:KERNEL32.dll
 0001:0000e1a4       RtlLookupFunctionEntry     000000018000f1a4 f   kernel32:KERNEL32.dll
 0001:0000e1aa       RtlCaptureContext          000000018000f1aa f   kernel32:KERNEL32.dll
 0001:0000e1b0       DisableThreadLibraryCalls  000000018000f1b0 f   kernel32:KERNEL32.dll
 0001:0000e1b6       QueryPerformanceCounter    000000018000f1b6 f   kernel32:KERNEL32.dll
 0001:0000e1bc       GetTickCount               000000018000f1bc f   kernel32:KERNEL32.dll
 0001:0000e1c2       GetCurrentThreadId         000000018000f1c2 f   kernel32:KERNEL32.dll
 0001:0000e1c8       GetCurrentProcessId        000000018000f1c8 f   kernel32:KERNEL32.dll
 0001:0000e1ce       GetSystemTimeAsFileTime    000000018000f1ce f   kernel32:KERNEL32.dll
 0002:00000000       __imp_GetSystemTimeAsFileTime 0000000180010000     kernel32:KERNEL32.dll
 0002:00000008       __imp_GetCurrentProcessId  0000000180010008     kernel32:KERNEL32.dll
 0002:00000010       __imp_GetCurrentThreadId   0000000180010010     kernel32:KERNEL32.dll
 0002:00000018       __imp_GetTickCount         0000000180010018     kernel32:KERNEL32.dll
 0002:00000020       __imp_QueryPerformanceCounter 0000000180010020     kernel32:KERNEL32.dll
 0002:00000028       __imp_DisableThreadLibraryCalls 0000000180010028     kernel32:KERNEL32.dll
 0002:00000030       __imp_RtlCaptureContext    0000000180010030     kernel32:KERNEL32.dll
 0002:00000038       __imp_RtlLookupFunctionEntry 0000000180010038     kernel32:KERNEL32.dll
 0002:00000040       __imp_RtlVirtualUnwind     0000000180010040     kernel32:KERNEL32.dll
 0002:00000048       __imp_IsDebuggerPresent    0000000180010048     kernel32:KERNEL32.dll
 0002:00000050       __imp_SetUnhandledExceptionFilter 0000000180010050     kernel32:KERNEL32.dll
 0002:00000058       __imp_UnhandledExceptionFilter 0000000180010058     kernel32:KERNEL32.dll
 0002:00000060       __imp_GetCurrentProcess    0000000180010060     kernel32:KERNEL32.dll
 0002:00000068       __imp_TerminateProcess     0000000180010068     kernel32:KERNEL32.dll
 0002:00000070       __imp_Sleep                0000000180010070     kernel32:KERNEL32.dll
 0002:00000078       __imp_DecodePointer        0000000180010078     kernel32:KERNEL32.dll
 0002:00000080       __imp_EncodePointer        0000000180010080     kernel32:KERNEL32.dll
 0002:00000088       \177KERNEL32_NULL_THUNK_DATA 0000000180010088     kernel32:KERNEL32.dll
 0002:00000090       __imp__onexit              0000000180010090     MSVCRT:MSVCR100.dll
 0002:00000098       __imp__lock                0000000180010098     MSVCRT:MSVCR100.dll
 0002:000000a0       __imp___dllonexit          00000001800100a0     MSVCRT:MSVCR100.dll
 0002:000000a8       __imp__unlock              00000001800100a8     MSVCRT:MSVCR100.dll
 0002:000000b0       __imp___clean_type_info_names_internal 00000001800100b0     MSVCRT:MSVCR100.dll
 0002:000000b8       __imp___crt_debugger_hook  00000001800100b8     MSVCRT:MSVCR100.dll
 0002:000000c0       __imp___CppXcptFilter      00000001800100c0     MSVCRT:MSVCR100.dll
 0002:000000c8       __imp___C_specific_handler 00000001800100c8     MSVCRT:MSVCR100.dll
 0002:000000d0       __imp__amsg_exit           00000001800100d0     MSVCRT:MSVCR100.dll
 0002:000000d8       __imp__encoded_null        00000001800100d8     MSVCRT:MSVCR100.dll
 0002:000000e0       __imp__initterm_e          00000001800100e0     MSVCRT:MSVCR100.dll
 0002:000000e8       __imp__initterm            00000001800100e8     MSVCRT:MSVCR100.dll
 0002:000000f0       __imp__malloc_crt          00000001800100f0     MSVCRT:MSVCR100.dll
 0002:000000f8       __imp_memcpy               00000001800100f8     MSVCRT:MSVCR100.dll
 0002:00000100       __imp_strcat               0000000180010100     MSVCRT:MSVCR100.dll
 0002:00000108       __imp_strlen               0000000180010108     MSVCRT:MSVCR100.dll
 0002:00000110       __imp_malloc               0000000180010110     MSVCRT:MSVCR100.dll
 0002:00000118       __imp_sprintf              0000000180010118     MSVCRT:MSVCR100.dll
 0002:00000120       __imp_free                 0000000180010120     MSVCRT:MSVCR100.dll
 0002:00000128       __imp_memset               0000000180010128     MSVCRT:MSVCR100.dll
 0002:00000130       __imp_strcmp               0000000180010130     MSVCRT:MSVCR100.dll
 0002:00000138       \177MSVCR100_NULL_THUNK_DATA 0000000180010138     MSVCRT:MSVCR100.dll
 0002:00000140       __imp_mexLock              0000000180010140     libmex:libmex.dll
 0002:00000148       __imp_mexErrMsgTxt         0000000180010148     libmex:libmex.dll
 0002:00000150       __imp_mexCallMATLABWithObject 0000000180010150     libmex:libmex.dll
 0002:00000158       __imp_mexWarnMsgTxt        0000000180010158     libmex:libmex.dll
 0002:00000160       __imp_mexIsLocked          0000000180010160     libmex:libmex.dll
 0002:00000168       __imp_mexUnlock            0000000180010168     libmex:libmex.dll
 0002:00000170       __imp_mexMakeArrayPersistent 0000000180010170     libmex:libmex.dll
 0002:00000178       \177libmex_NULL_THUNK_DATA 0000000180010178     libmex:libmex.dll
 0002:00000180       __imp_mxCalloc             0000000180010180     libmx:libmx.dll
 0002:00000188       __imp_mxGetM               0000000180010188     libmx:libmx.dll
 0002:00000190       __imp_mxGetN               0000000180010190     libmx:libmx.dll
 0002:00000198       __imp_mxIsComplex          0000000180010198     libmx:libmx.dll
 0002:000001a0       __imp_mxIsNumeric          00000001800101a0     libmx:libmx.dll
 0002:000001a8       __imp_mxGetClassID         00000001800101a8     libmx:libmx.dll
 0002:000001b0       __imp_mxCreateStructArray_730 00000001800101b0     libmx:libmx.dll
 0002:000001b8       __imp_mxCreateCellArray_730 00000001800101b8     libmx:libmx.dll
 0002:000001c0       __imp_mxSetCell_730        00000001800101c0     libmx:libmx.dll
 0002:000001c8       __imp_mxCreateCellMatrix_730 00000001800101c8     libmx:libmx.dll
 0002:000001d0       __imp_mxCreateStructMatrix_730 00000001800101d0     libmx:libmx.dll
 0002:000001d8       __imp_mxCreateString       00000001800101d8     libmx:libmx.dll
 0002:000001e0       __imp_mxSetField_730       00000001800101e0     libmx:libmx.dll
 0002:000001e8       __imp_mxCreateDoubleScalar 00000001800101e8     libmx:libmx.dll
 0002:000001f0       __imp_mxDuplicateArray     00000001800101f0     libmx:libmx.dll
 0002:000001f8       __imp_mxDestroyArray       00000001800101f8     libmx:libmx.dll
 0002:00000200       __imp_mxGetPr              0000000180010200     libmx:libmx.dll
 0002:00000208       __imp_mxIsChar             0000000180010208     libmx:libmx.dll
 0002:00000210       __imp_mxGetString_730      0000000180010210     libmx:libmx.dll
 0002:00000218       __imp_mxGetScalar          0000000180010218     libmx:libmx.dll
 0002:00000220       __imp_mxCreateDoubleMatrix_730 0000000180010220     libmx:libmx.dll
 0002:00000228       __imp_mxCreateLogicalScalar 0000000180010228     libmx:libmx.dll
 0002:00000230       \177libmx_NULL_THUNK_DATA  0000000180010230     libmx:libmx.dll
 0002:00000238       __imp_utMalloc             0000000180010238     libut:libut.dll
 0002:00000240       __imp_utFree               0000000180010240     libut:libut.dll
 0002:00000248       \177libut_NULL_THUNK_DATA  0000000180010248     libut:libut.dll
 0002:00000250       __imp_call_sf_machine_global_method_dispatcher 0000000180010250     sf_runtime:sf_runtime.dll
 0002:00000258       __imp_callMdlMethodAndReportError 0000000180010258     sf_runtime:sf_runtime.dll
 0002:00000260       __imp_sf_debug_api         0000000180010260     sf_runtime:sf_runtime.dll
 0002:00000268       __imp_sf_debug_create_debug_instance_struct 0000000180010268     sf_runtime:sf_runtime.dll
 0002:00000270       __imp_sf_debug_terminate   0000000180010270     sf_runtime:sf_runtime.dll
 0002:00000278       __imp_sf_clear_rtw_identifier 0000000180010278     sf_runtime:sf_runtime.dll
 0002:00000280       __imp_sf_mex_duplicatearraysafe 0000000180010280     sf_runtime:sf_runtime.dll
 0002:00000288       __imp_sf_mex_getcell       0000000180010288     sf_runtime:sf_runtime.dll
 0002:00000290       __imp_sf_mex_createcellmatrix 0000000180010290     sf_runtime:sf_runtime.dll
 0002:00000298       __imp_sf_mex_setcell       0000000180010298     sf_runtime:sf_runtime.dll
 0002:000002a0       __imp_sf_debug_get_animation 00000001800102a0     sf_runtime:sf_runtime.dll
 0002:000002a8       __imp_sf_debug_set_animation 00000001800102a8     sf_runtime:sf_runtime.dll
 0002:000002b0       __imp_sf_debug_set_honor_breakpoints 00000001800102b0     sf_runtime:sf_runtime.dll
 0002:000002b8       __imp_sf_debug_animate     00000001800102b8     sf_runtime:sf_runtime.dll
 0002:000002c0       __imp_sf_debug_symbol_scope_push 00000001800102c0     sf_runtime:sf_runtime.dll
 0002:000002c8       __imp_sf_debug_data_range_wrapper 00000001800102c8     sf_runtime:sf_runtime.dll
 0002:000002d0       __imp_sf_debug_symbol_scope_push_eml 00000001800102d0     sf_runtime:sf_runtime.dll
 0002:000002d8       __imp_sf_debug_symbol_scope_add_eml_importable 00000001800102d8     sf_runtime:sf_runtime.dll
 0002:000002e0       __imp_sfcs_request_service 00000001800102e0     sf_runtime:sf_runtime.dll
 0002:000002e8       __imp_sf_debug_symbol_scope_pop 00000001800102e8     sf_runtime:sf_runtime.dll
 0002:000002f0       __imp_cv_eval_point        00000001800102f0     sf_runtime:sf_runtime.dll
 0002:000002f8       __imp_cv_eval_relational   00000001800102f8     sf_runtime:sf_runtime.dll
 0002:00000300       __imp_cv_eml_eval          0000000180010300     sf_runtime:sf_runtime.dll
 0002:00000308       __imp_sf_debug_check_for_state_inconsistency 0000000180010308     sf_runtime:sf_runtime.dll
 0002:00000310       __imp_sf_get_dwork_info_from_mat_file 0000000180010310     sf_runtime:sf_runtime.dll
 0002:00000318       __imp_sf_debug_set_instance_data_value_ptr 0000000180010318     sf_runtime:sf_runtime.dll
 0002:00000320       __imp_sf_is_first_init_cond 0000000180010320     sf_runtime:sf_runtime.dll
 0002:00000328       __imp_sf_get_time          0000000180010328     sf_runtime:sf_runtime.dll
 0002:00000330       __imp_sf_mex_import        0000000180010330     sf_runtime:sf_runtime.dll
 0002:00000338       __imp_sf_mex_dup           0000000180010338     sf_runtime:sf_runtime.dll
 0002:00000340       __imp_sf_mex_error_direct_call 0000000180010340     sf_runtime:sf_runtime.dll
 0002:00000348       __imp_sf_debug_call        0000000180010348     sf_runtime:sf_runtime.dll
 0002:00000350       __imp_sf_clear_error_manager_info 0000000180010350     sf_runtime:sf_runtime.dll
 0002:00000358       __imp_sf_mex_destroy       0000000180010358     sf_runtime:sf_runtime.dll
 0002:00000360       __imp_sf_debug_initialize_chart 0000000180010360     sf_runtime:sf_runtime.dll
 0002:00000368       __imp_sf_debug_set_chart_disable_implicit_casting 0000000180010368     sf_runtime:sf_runtime.dll
 0002:00000370       __imp_sf_debug_set_chart_event_thresholds 0000000180010370     sf_runtime:sf_runtime.dll
 0002:00000378       __imp_sf_debug_set_chart_data_props 0000000180010378     sf_runtime:sf_runtime.dll
 0002:00000380       __imp_sf_debug_set_chart_state_info 0000000180010380     sf_runtime:sf_runtime.dll
 0002:00000388       __imp_sf_debug_set_chart_substate_count 0000000180010388     sf_runtime:sf_runtime.dll
 0002:00000390       __imp_sf_debug_set_chart_decomposition 0000000180010390     sf_runtime:sf_runtime.dll
 0002:00000398       __imp_sf_debug_set_chart_substate_index 0000000180010398     sf_runtime:sf_runtime.dll
 0002:000003a0       __imp_sf_debug_set_chart_state_substate_count 00000001800103a0     sf_runtime:sf_runtime.dll
 0002:000003a8       __imp_sf_debug_cv_init_chart 00000001800103a8     sf_runtime:sf_runtime.dll
 0002:000003b0       __imp_sf_debug_cv_init_state 00000001800103b0     sf_runtime:sf_runtime.dll
 0002:000003b8       __imp_sf_debug_cv_init_trans 00000001800103b8     sf_runtime:sf_runtime.dll
 0002:000003c0       __imp_cv_eml_init_script   00000001800103c0     sf_runtime:sf_runtime.dll
 0002:000003c8       __imp_cv_eml_init_if       00000001800103c8     sf_runtime:sf_runtime.dll
 0002:000003d0       __imp_cv_eml_init_mcdc     00000001800103d0     sf_runtime:sf_runtime.dll
 0002:000003d8       __imp_cv_eml_init_relational 00000001800103d8     sf_runtime:sf_runtime.dll
 0002:000003e0       __imp_sf_debug_set_chart_data_compiled_props 00000001800103e0     sf_runtime:sf_runtime.dll
 0002:000003e8       __imp_sf_debug_reset_current_state_configuration 00000001800103e8     sf_runtime:sf_runtime.dll
 0002:000003f0       __imp_ssGetDWork_wrapper   00000001800103f0     sf_runtime:sf_runtime.dll
 0002:000003f8       __imp_ssGetInputPortSignal_wrapper 00000001800103f8     sf_runtime:sf_runtime.dll
 0002:00000400       __imp_ssGetOutputPortSignal_wrapper 0000000180010400     sf_runtime:sf_runtime.dll
 0002:00000408       __imp_sf_runtime_overflow_check_is_on 0000000180010408     sf_runtime:sf_runtime.dll
 0002:00000410       __imp_sf_set_encoded_dwork_info 0000000180010410     sf_runtime:sf_runtime.dll
 0002:00000418       __imp_sim_mode_is_rtw_gen  0000000180010418     sf_runtime:sf_runtime.dll
 0002:00000420       __imp_sim_mode_is_external 0000000180010420     sf_runtime:sf_runtime.dll
 0002:00000428       __imp_sf_is_chart_inlinable 0000000180010428     sf_runtime:sf_runtime.dll
 0002:00000430       __imp_sf_rtw_info_uint_prop 0000000180010430     sf_runtime:sf_runtime.dll
 0002:00000438       __imp_sf_update_buildInfo  0000000180010438     sf_runtime:sf_runtime.dll
 0002:00000440       __imp_sf_mark_chart_expressionable_inputs 0000000180010440     sf_runtime:sf_runtime.dll
 0002:00000448       __imp_sf_mark_chart_reusable_outputs 0000000180010448     sf_runtime:sf_runtime.dll
 0002:00000450       __imp_sf_set_rtw_dwork_info 0000000180010450     sf_runtime:sf_runtime.dll
 0002:00000458       __imp_sf_mex_error_message 0000000180010458     sf_runtime:sf_runtime.dll
 0002:00000460       __imp_sf_mex_decode_encoded_mx_struct_array 0000000180010460     sf_runtime:sf_runtime.dll
 0002:00000468       __imp_sf_mex_create        0000000180010468     sf_runtime:sf_runtime.dll
 0002:00000470       __imp_sf_mex_assign        0000000180010470     sf_runtime:sf_runtime.dll
 0002:00000478       __imp_sf_load_rtw_optimization_info 0000000180010478     sf_runtime:sf_runtime.dll
 0002:00000480       __imp_sf_debug_initialize_machine 0000000180010480     sf_runtime:sf_runtime.dll
 0002:00000488       __imp_sf_debug_set_machine_event_thresholds 0000000180010488     sf_runtime:sf_runtime.dll
 0002:00000490       __imp_sf_debug_set_machine_data_thresholds 0000000180010490     sf_runtime:sf_runtime.dll
 0002:00000498       \177sf_runtime_NULL_THUNK_DATA 0000000180010498     sf_runtime:sf_runtime.dll
 0002:000004a0       __xc_a                     00000001800104a0     MSVCRT:cinitexe.obj
 0002:000004a8       __xc_z                     00000001800104a8     MSVCRT:cinitexe.obj
 0002:000004b0       __xi_a                     00000001800104b0     MSVCRT:cinitexe.obj
 0002:000004c0       __xi_z                     00000001800104c0     MSVCRT:cinitexe.obj
 0002:000004d0       __real@41e736ab56600000    00000001800104d0     stateflow7_sfun.obj
 0002:000004d8       __real@41e627bd54a00000    00000001800104d8     stateflow7_sfun.obj
 0002:000004e0       __real@41c102f61a000000    00000001800104e0     stateflow7_sfun.obj
 0002:000004e8       __real@41e750f17fe00000    00000001800104e8     stateflow7_sfun.obj
 0002:000004f0       __real@41e2041df8e00000    00000001800104f0     stateflow7_sfun.obj
 0002:000004f8       __real@41e3934fc1c00000    00000001800104f8     stateflow7_sfun.obj
 0002:00000500       __real@41d5ed9d8d800000    0000000180010500     stateflow7_sfun.obj
 0002:00000508       __real@41d694e70e000000    0000000180010508     stateflow7_sfun.obj
 0002:00000510       __real@41e953c129200000    0000000180010510     stateflow7_sfun.obj
 0002:00000518       __real@41c5c17610000000    0000000180010518     stateflow7_sfun.obj
 0002:00000520       __real@41c25894d3800000    0000000180010520     stateflow7_sfun.obj
 0002:00000528       __real@41e53ff76c200000    0000000180010528     stateflow7_sfun.obj
 0002:00000530       __real@41cab678d2800000    0000000180010530     c3_stateflow7.obj
 0002:00000538       __real@41e0e6d14b600000    0000000180010538     c3_stateflow7.obj
 0002:00000540       __real@41e31f7907e00000    0000000180010540     c3_stateflow7.obj
 0002:00000548       __real@41eb64cb6aa00000    0000000180010548     c3_stateflow7.obj
 0002:00000550       __real@4024000000000000    0000000180010550     c3_stateflow7.obj
 0002:00000558       __real@3ff0000000000000    0000000180010558     c3_stateflow7.obj
 0002:00000560       __real@4038000000000000    0000000180010560     c3_stateflow7.obj
 0002:00000568       __real@403e000000000000    0000000180010568     c3_stateflow7.obj
 0002:00000570       DYNAMIC_DIMENSION_DEF      0000000180010570     stateflow7_sfun_registry.obj
 0002:00000590       _ssBadLevel2InputAccessMsg 0000000180010590     stateflow7_sfun_registry.obj
 0002:00000720       _ssBadLevel2DirectFeedMsg  0000000180010720     stateflow7_sfun_registry.obj
 0002:00000860       _ssBadLevel2DirectFeedSolutionMsg 0000000180010860     stateflow7_sfun_registry.obj
 0002:000008d0       _ssBadLevel2ZeroDirectFeedMsg 00000001800108d0     stateflow7_sfun_registry.obj
 0002:00000a10       _ssBadLevel2ZeroDirectFeedMsg2 0000000180010a10     stateflow7_sfun_registry.obj
 0002:00000af8       __real@0000000000000000    0000000180010af8     stateflow7_sfun_registry.obj
 0002:00000b00       __real@bff0000000000000    0000000180010b00     stateflow7_sfun_registry.obj
 0002:00000b08       __real@41602cbca0000000    0000000180010b08     stateflow7_sfun_registry.obj
 0002:00000b10       _pRawDllMain               0000000180010b10     MSVCRT:crtdll.obj
 0002:00000b10       _pDefaultRawDllMain        0000000180010b10     MSVCRT:crtdll.obj
 0002:00000b28       ?ProcessDetach@NativeDll@<CrtImplementationDetails>@@0IB 0000000180010b28     MSVCRT:tncleanup.obj
 0002:00000b2c       ?ProcessAttach@NativeDll@<CrtImplementationDetails>@@0IB 0000000180010b2c     MSVCRT:tncleanup.obj
 0002:00000b30       ?ThreadAttach@NativeDll@<CrtImplementationDetails>@@0IB 0000000180010b30     MSVCRT:tncleanup.obj
 0002:00000b34       ?ThreadDetach@NativeDll@<CrtImplementationDetails>@@0IB 0000000180010b34     MSVCRT:tncleanup.obj
 0002:00000b38       ?ProcessVerifier@NativeDll@<CrtImplementationDetails>@@0IB 0000000180010b38     MSVCRT:tncleanup.obj
 0002:00000b40       __rtc_iaa                  0000000180010b40     MSVCRT:_initsect_.obj
 0002:00000b48       __rtc_izz                  0000000180010b48     MSVCRT:_initsect_.obj
 0002:00000b50       __rtc_taa                  0000000180010b50     MSVCRT:_initsect_.obj
 0002:00000b58       __rtc_tzz                  0000000180010b58     MSVCRT:_initsect_.obj
 0002:000012f8       __IMPORT_DESCRIPTOR_sf_runtime 00000001800112f8     sf_runtime:sf_runtime.dll
 0002:0000130c       __IMPORT_DESCRIPTOR_libmx  000000018001130c     libmx:libmx.dll
 0002:00001320       __IMPORT_DESCRIPTOR_libmex 0000000180011320     libmex:libmex.dll
 0002:00001334       __IMPORT_DESCRIPTOR_libut  0000000180011334     libut:libut.dll
 0002:00001348       __IMPORT_DESCRIPTOR_MSVCR100 0000000180011348     MSVCRT:MSVCR100.dll
 0002:0000135c       __IMPORT_DESCRIPTOR_KERNEL32 000000018001135c     kernel32:KERNEL32.dll
 0002:00001370       __NULL_IMPORT_DESCRIPTOR   0000000180011370     sf_runtime:sf_runtime.dll
 0003:00001380       DYNAMIC_DIMENSION          0000000180014380     stateflow7_sfun_registry.obj
 0003:00002018       __security_cookie          0000000180015018     MSVCRT:gs_cookie.obj
 0003:00002020       __security_cookie_complement 0000000180015020     MSVCRT:gs_cookie.obj
 0003:00002028       _fltused                   0000000180015028     MSVCRT:dllsupp.obj
 0003:00002030       __native_dllmain_reason    0000000180015030     MSVCRT:natstart.obj
 0003:00002034       __native_vcclrit_reason    0000000180015034     MSVCRT:natstart.obj
 0003:00002128       sfGlobalDebugInstanceStruct 0000000180015128     stateflow7_sfun_registry.obj
 0003:000026b0       ?__type_info_root_node@@3U__type_info_node@@A 00000001800156b0     MSVCRT:tncleanup.obj
 0003:000026c0       _stateflow7MachineNumber_  00000001800156c0     <common>
 0003:000026c4       __native_startup_state     00000001800156c4     <common>
 0003:000026c8       __native_startup_lock      00000001800156c8     <common>
 0003:000026d0       __onexitend                00000001800156d0     <common>
 0003:000026d8       __onexitbegin              00000001800156d8     <common>
 0003:000026e0       __dyn_tls_init_callback    00000001800156e0     <common>

 entry point at        0001:0000dcb0

 Static symbols

 0001:00001a50       mdlProcessParameters_c3_stateflow7 0000000180002a50 f   c3_stateflow7.obj
 0001:00001b30       initialize_params_c3_stateflow7 0000000180002b30 f   c3_stateflow7.obj
 0001:00001b40       mdlSetWorkWidths_c3_stateflow7 0000000180002b40 f   c3_stateflow7.obj
 0001:000020b0       sf_get_instance_specialization 00000001800030b0 f   c3_stateflow7.obj
 0001:000020c0       sf_set_sfun_dwork_info     00000001800030c0 f   c3_stateflow7.obj
 0001:00002100       mdlStart_c3_stateflow7     0000000180003100 f   c3_stateflow7.obj
 0001:00002390       init_dsm_address_info      0000000180003390 f   c3_stateflow7.obj
 0001:000023a0       init_simulink_io_address   00000001800033a0 f   c3_stateflow7.obj
 0001:000024a0       sf_get_sim_state_info_c3_stateflow7 00000001800034a0 f   c3_stateflow7.obj
 0001:00002560       chart_debug_initialization 0000000180003560 f   c3_stateflow7.obj
 0001:00003200       init_script_number_translation 0000000180004200 f   c3_stateflow7.obj
 0001:00003220       c3_sf_marshallOut          0000000180004220 f   c3_stateflow7.obj
 0001:000032d0       c3_sf_marshallIn           00000001800042d0 f   c3_stateflow7.obj
 0001:00003370       c3_b_emlrt_marshallIn      0000000180004370 f   c3_stateflow7.obj
 0001:00003400       sf_opaque_initialize_c3_stateflow7 0000000180004400 f   c3_stateflow7.obj
 0001:00003450       initialize_c3_stateflow7   0000000180004450 f   c3_stateflow7.obj
 0001:000034f0       initSimStructsc3_stateflow7 00000001800044f0 f   c3_stateflow7.obj
 0001:00003500       chart_debug_initialize_data_addresses 0000000180004500 f   c3_stateflow7.obj
 0001:000036b0       sf_check_dwork_consistency 00000001800046b0 f   c3_stateflow7.obj
 0001:000037a0       sf_opaque_enable_c3_stateflow7 00000001800047a0 f   c3_stateflow7.obj
 0001:000037c0       enable_c3_stateflow7       00000001800047c0 f   c3_stateflow7.obj
 0001:000037f0       sf_opaque_disable_c3_stateflow7 00000001800047f0 f   c3_stateflow7.obj
 0001:00003810       disable_c3_stateflow7      0000000180004810 f   c3_stateflow7.obj
 0001:00003840       sf_opaque_gateway_c3_stateflow7 0000000180004840 f   c3_stateflow7.obj
 0001:00003860       sf_gateway_c3_stateflow7   0000000180004860 f   c3_stateflow7.obj
 0001:00005000       c3_set_sim_state_side_effects_c3_stateflow7 0000000180006000 f   c3_stateflow7.obj
 0001:00005030       c3_b_sf_marshallOut        0000000180006030 f   c3_stateflow7.obj
 0001:000050e0       c3_b_sf_marshallIn         00000001800060e0 f   c3_stateflow7.obj
 0001:00005180       c3_c_emlrt_marshallIn      0000000180006180 f   c3_stateflow7.obj
 0001:00005210       sf_opaque_ext_mode_exec_c3_stateflow7 0000000180006210 f   c3_stateflow7.obj
 0001:00005230       ext_mode_exec_c3_stateflow7 0000000180006230 f   c3_stateflow7.obj
 0001:00005250       c3_update_debugger_state_c3_stateflow7 0000000180006250 f   c3_stateflow7.obj
 0001:00005600       sf_opaque_get_sim_state_c3_stateflow7 0000000180006600 f   c3_stateflow7.obj
 0001:00005650       get_sim_state_c3_stateflow7 0000000180006650 f   c3_stateflow7.obj
 0001:00005910       sf_opaque_set_sim_state_c3_stateflow7 0000000180006910 f   c3_stateflow7.obj
 0001:00005960       set_sim_state_c3_stateflow7 0000000180006960 f   c3_stateflow7.obj
 0001:00005b10       c3_emlrt_marshallIn        0000000180006b10 f   c3_stateflow7.obj
 0001:00005b80       c3_e_emlrt_marshallIn      0000000180006b80 f   c3_stateflow7.obj
 0001:00005be0       c3_f_emlrt_marshallIn      0000000180006be0 f   c3_stateflow7.obj
 0001:00005c70       c3_g_emlrt_marshallIn      0000000180006c70 f   c3_stateflow7.obj
 0001:00005ce0       c3_h_emlrt_marshallIn      0000000180006ce0 f   c3_stateflow7.obj
 0001:00005d80       c3_i_emlrt_marshallIn      0000000180006d80 f   c3_stateflow7.obj
 0001:00005e00       c3_j_emlrt_marshallIn      0000000180006e00 f   c3_stateflow7.obj
 0001:00005e60       sf_opaque_terminate_c3_stateflow7 0000000180006e60 f   c3_stateflow7.obj
 0001:00005f00       finalize_c3_stateflow7     0000000180006f00 f   c3_stateflow7.obj
 0001:00005f30       sf_get_sfun_dwork_checksum 0000000180006f30 f   c3_stateflow7.obj
 0001:00005f40       mdlRTW_c3_stateflow7       0000000180006f40 f   c3_stateflow7.obj
 0001:00006d40       getChartInfoFromSimStruct  0000000180007d40 f   stateflow7_sfun_registry.obj
 0001:00008c60       _ssFatalError              0000000180009c60 f   stateflow7_sfun_registry.obj
 0001:0000bf30       ProcessMexSfunctionCmdLineCall 000000018000cf30 f   stateflow7_sfun_registry.obj
 0001:0000c100       sf_debug_api_wrapper       000000018000d100 f   stateflow7_sfun_registry.obj
 0001:0000c150       mdlStart                   000000018000d150 f   stateflow7_sfun_registry.obj
 0001:0000c180       mdl_start_processing       000000018000d180 f   stateflow7_sfun_registry.obj
 0001:0000c240       mdlTerminate               000000018000d240 f   stateflow7_sfun_registry.obj
 0001:0000c270       mdl_terminate_processing   000000018000d270 f   stateflow7_sfun_registry.obj
 0001:0000c2f0       mdlInitializeSampleTimes   000000018000d2f0 f   stateflow7_sfun_registry.obj
 0001:0000c320       mdlZeroCrossings           000000018000d320 f   stateflow7_sfun_registry.obj
 0001:0000c350       mdl_zeroCrossings_processing 000000018000d350 f   stateflow7_sfun_registry.obj
 0001:0000c390       mdlDerivatives             000000018000d390 f   stateflow7_sfun_registry.obj
 0001:0000c3c0       mdl_derivatives_processing 000000018000d3c0 f   stateflow7_sfun_registry.obj
 0001:0000c410       mdlInitializeConditions    000000018000d410 f   stateflow7_sfun_registry.obj
 0001:0000c440       mdl_initialize_conditions_processing 000000018000d440 f   stateflow7_sfun_registry.obj
 0001:0000c490       mdlEnable                  000000018000d490 f   stateflow7_sfun_registry.obj
 0001:0000c4c0       mdl_enable_processing      000000018000d4c0 f   stateflow7_sfun_registry.obj
 0001:0000c500       mdlDisable                 000000018000d500 f   stateflow7_sfun_registry.obj
 0001:0000c530       mdl_disable_processing     000000018000d530 f   stateflow7_sfun_registry.obj
 0001:0000c570       mdlOutputs                 000000018000d570 f   stateflow7_sfun_registry.obj
 0001:0000c5a0       mdl_outputs_processing     000000018000d5a0 f   stateflow7_sfun_registry.obj
 0001:0000c6c0       mdl_outputs_continuous_legacy 000000018000d6c0 f   stateflow7_sfun_registry.obj
 0001:0000c7b0       mdlUpdate                  000000018000d7b0 f   stateflow7_sfun_registry.obj
 0001:0000c7e0       mdl_update_processing      000000018000d7e0 f   stateflow7_sfun_registry.obj
 0001:0000c840       mdlGetTimeOfNextVarHit     000000018000d840 f   stateflow7_sfun_registry.obj
 0001:0000c890       _ProcessMexSfunctionCmdLineCall 000000018000d890 f   stateflow7_sfun_registry.obj
 0001:0000cff0       mdlSetWorkWidths           000000018000dff0 f   stateflow7_sfun_registry.obj
 0001:0000d020       mdlProcessParameters       000000018000e020 f   stateflow7_sfun_registry.obj
 0001:0000d050       mdlInitializeSizes         000000018000e050 f   stateflow7_sfun_registry.obj
 0001:0000d080       mdlExtModeExec             000000018000e080 f   stateflow7_sfun_registry.obj
 0001:0000d0b0       mdl_ext_mode_exec_processing 000000018000e0b0 f   stateflow7_sfun_registry.obj
 0001:0000d0f0       mdlRTW                     000000018000e0f0 f   stateflow7_sfun_registry.obj
 0001:0000d130       _CreateSimStruct           000000018000e130 f   stateflow7_sfun_registry.obj
 0001:0000d2c0       _RegNumInputPortsCB        000000018000e2c0 f   stateflow7_sfun_registry.obj
 0001:0000d340       _RegNumOutputPortsCB       000000018000e340 f   stateflow7_sfun_registry.obj
 0001:0000d8b8       pre_c_init                 000000018000e8b8 f   MSVCRT:crtdll.obj
 0001:0000db74       __DllMainCRTStartup        000000018000eb74 f   MSVCRT:crtdll.obj
 0001:0000e1e0       __DllMainCRTStartup$filt$0 000000018000f1e0 f   MSVCRT:crtdll.obj
 0001:0000e210       __DllMainCRTStartup$fin$1  000000018000f210 f   MSVCRT:crtdll.obj
 0001:0000e22a       _onexit$fin$0              000000018000f22a f   MSVCRT:atonexit.obj
 0001:0000e250       _IsNonwritableInCurrentImage$filt$0 000000018000f250 f   MSVCRT:pesect.obj
